2025-08-19 12:07:29,383 INFO: 
Version Information: 
	Python: 3.8.20
	PyTorch: 2.0.0+cu118
	TorchVision: 0.15.0+cu118
2025-08-19 12:07:29,383 INFO: 
  name: smal
  backend: dp
  type: SpatialLearningBasisModel
  num_gpu: 1
  gpu_idx: 6
  manual_seed: 1234
  non-isometric: True
  partial: False
  save_filter: True
  path:[
    resume_state: None
    experiments_root: /mnt/zj-gpfs/home/luofeifan/shape_correspondence/LearnableBasisFMaps_main/experiments/smal
    models: /mnt/zj-gpfs/home/luofeifan/shape_correspondence/LearnableBasisFMaps_main/experiments/smal/models
    log: /mnt/zj-gpfs/home/luofeifan/shape_correspondence/LearnableBasisFMaps_main/experiments/smal/log
  ]
  datasets:[
    train_dataset:[
      name: SmalTrain
      type: PairSmalDataset
      phase: train
      data_root: ../data/SMAL_r/
      category: False
      return_evecs: True
      return_faces: True
      num_evecs: 200
      return_corr: True
      return_dist: False
    ]
    test_dataset:[
      name: SmalVal
      type: PairSmalDataset
      phase: test
      data_root: ../data/SMAL_r/
      category: False
      return_evecs: True
      return_faces: True
      num_evecs: 200
      return_corr: True
      return_dist: True
    ]
    batch_size: 1
    num_worker: 16
  ]
  networks:[
    feature_extractor:[
      type: DiffusionNet
      in_channels: 16
      out_channels: 128
      cache_dir: ../data/SMAL_r/diffusion
      input_type: hks
    ]
    permutation:[
      type: Similarity
      tau: 0.07
    ]
    basisconv:[
      type: EigenBasis_Fliters
    ]
  ]
  train:[
    total_epochs: 20
    optims:[
      feature_extractor:[
        type: Adam
        lr: 0.001
      ]
      basisconv:[
        type: Adam
        lr: 0.001
      ]
    ]
    schedulers:[
      feature_extractor:[
        type: CosineAnnealingLR
        eta_min: 0.0001
        T_max: 20
      ]
      basisconv:[
        type: CosineAnnealingLR
        eta_min: 0.0001
        T_max: 15
      ]
    ]
    losses:[
      rfmnet_loss:[
        type: RfmnetLoss
        loss_weight: 1.0
      ]
    ]
  ]
  val:[
    val_freq: 1000
    metrics:[
      geo_error:[
        type: calculate_geodesic_error
      ]
      plot_pck:[
        type: plot_pck
      ]
    ]
  ]
  logger:[
    print_freq: 100
    save_checkpoint_freq: 1000
  ]
  is_train: True
  dist: False
  rank: 0
  world_size: 1
  root_path: /mnt/zj-gpfs/home/luofeifan/shape_correspondence/LearnableBasisFMaps_main

2025-08-19 12:07:29,548 INFO: Dataset [PairSmalDataset]-[SmalTrain] is built.
2025-08-19 12:07:29,549 INFO: Dataset [PairSmalDataset]-[SmalVal] is built.
2025-08-19 12:07:29,549 INFO: Training statistics:
	Number of train images: 1024
	Dataset enlarge ratio: 1
	Batch size: 1
	World size (gpu number): 1
	Require iter number per epoch: 1024
	Total epochs: 20; iters: 20480.
2025-08-19 12:07:29,549 INFO: Validation statistics:
	Number of val images: 289
2025-08-19 12:07:29,559 INFO: Network [DiffusionNet] is created.
2025-08-19 12:07:29,559 INFO: Network [Similarity] is created.
2025-08-19 12:07:29,559 INFO: Network [EigenBasis_Fliters] is created.
2025-08-19 12:07:30,422 INFO: Network: DiffusionNet, with parameters: 479,488
2025-08-19 12:07:30,423 INFO: Network: Similarity, with parameters: 0
2025-08-19 12:07:30,423 INFO: Network: EigenBasis_Fliters, with parameters: 200
2025-08-19 12:07:30,423 INFO: Metric [function] is created.
2025-08-19 12:07:30,423 INFO: Metric [function] is created.
2025-08-19 12:07:30,423 INFO: Network permutation has no param to optimize. Ignore it.
2025-08-19 12:07:30,423 INFO: Loss [RfmnetLoss] is created.
2025-08-19 12:07:30,426 INFO: Model [SpatialLearningBasisModel] is created.
2025-08-19 12:07:30,426 INFO: Start training from epoch: 0, iter: 0
2025-08-19 12:11:38,039 INFO: [smal..][epoch:  1, iter:     100, lr:(1.000e-03,1.000e-03,)][eta: 13:43:50, time (data): 2.476 (0.084)]rfmnet: 2.2448e+03 l_total: 2.2448e+03 
2025-08-19 12:14:56,519 INFO: [smal..][epoch:  1, iter:     200, lr:(1.000e-03,1.000e-03,)][eta: 12:25:41, time (data): 2.230 (0.074)]rfmnet: 2.0325e+03 l_total: 2.0325e+03 
2025-08-19 12:19:22,277 INFO: [smal..][epoch:  1, iter:     300, lr:(1.000e-03,1.000e-03,)][eta: 13:12:25, time (data): 2.680 (0.076)]rfmnet: 1.7299e+03 l_total: 1.7299e+03 
2025-08-19 12:22:42,327 INFO: [smal..][epoch:  1, iter:     400, lr:(1.000e-03,1.000e-03,)][eta: 12:38:49, time (data): 2.338 (0.070)]rfmnet: 1.5026e+03 l_total: 1.5026e+03 
2025-08-19 12:26:59,360 INFO: [smal..][epoch:  1, iter:     500, lr:(1.000e-03,1.000e-03,)][eta: 12:55:10, time (data): 2.553 (0.074)]rfmnet: 1.3577e+03 l_total: 1.3577e+03 
2025-08-19 12:31:26,973 INFO: [smal..][epoch:  1, iter:     600, lr:(1.000e-03,1.000e-03,)][eta: 13:10:28, time (data): 2.615 (0.075)]rfmnet: 1.1709e+03 l_total: 1.1709e+03 
2025-08-19 12:36:08,832 INFO: [smal..][epoch:  1, iter:     700, lr:(1.000e-03,1.000e-03,)][eta: 13:26:51, time (data): 2.843 (0.082)]rfmnet: 1.0678e+03 l_total: 1.0678e+03 
2025-08-19 12:39:51,514 INFO: [smal..][epoch:  1, iter:     800, lr:(1.000e-03,1.000e-03,)][eta: 13:13:44, time (data): 2.530 (0.078)]rfmnet: 9.6613e+02 l_total: 9.6613e+02 
2025-08-19 12:44:21,003 INFO: [smal..][epoch:  1, iter:     900, lr:(1.000e-03,1.000e-03,)][eta: 13:19:39, time (data): 2.744 (0.079)]rfmnet: 8.3636e+02 l_total: 8.3636e+02 
2025-08-19 12:48:05,554 INFO: [smal..][epoch:  1, iter:   1,000, lr:(1.000e-03,1.000e-03,)][eta: 13:08:55, time (data): 2.490 (0.075)]rfmnet: 7.2706e+02 l_total: 7.2706e+02 
2025-08-19 12:48:05,554 INFO: Saving models and training states.
2025-08-19 12:48:05,572 INFO: Start validation.
2025-08-19 12:58:45,631 INFO: Avg time: 1.4727
2025-08-19 12:58:46,052 INFO: Val auc: 0.5674
2025-08-19 12:58:46,058 INFO: Val avg error: 0.1075
2025-08-19 12:58:46,065 INFO: Best model is updated, average geodesic error: 0.1075
2025-08-19 13:02:36,575 INFO: [smal..][epoch:  2, iter:   1,100, lr:(9.945e-04,9.902e-04,)][eta: 16:09:06, time (data): 2.365 (0.102)]rfmnet: 6.6017e+02 l_total: 6.6017e+02 
2025-08-19 13:06:42,782 INFO: [smal..][epoch:  2, iter:   1,200, lr:(9.945e-04,9.902e-04,)][eta: 15:49:41, time (data): 2.415 (0.087)]rfmnet: 5.7568e+02 l_total: 5.7568e+02 
2025-08-19 13:10:18,263 INFO: [smal..][epoch:  2, iter:   1,300, lr:(9.945e-04,9.902e-04,)][eta: 15:25:05, time (data): 2.163 (0.074)]rfmnet: 5.0428e+02 l_total: 5.0428e+02 
2025-08-19 13:14:23,296 INFO: [smal..][epoch:  2, iter:   1,400, lr:(9.945e-04,9.902e-04,)][eta: 15:10:11, time (data): 2.311 (0.075)]rfmnet: 4.6368e+02 l_total: 4.6368e+02 
2025-08-19 13:17:53,468 INFO: [smal..][epoch:  2, iter:   1,500, lr:(9.945e-04,9.902e-04,)][eta: 14:49:23, time (data): 2.091 (0.064)]rfmnet: 3.7201e+02 l_total: 3.7201e+02 
2025-08-19 13:22:03,261 INFO: [smal..][epoch:  2, iter:   1,600, lr:(9.945e-04,9.902e-04,)][eta: 14:38:32, time (data): 2.302 (0.070)]rfmnet: 3.5710e+02 l_total: 3.5710e+02 
2025-08-19 13:25:33,055 INFO: [smal..][epoch:  2, iter:   1,700, lr:(9.945e-04,9.902e-04,)][eta: 14:21:07, time (data): 2.106 (0.071)]rfmnet: 3.8810e+02 l_total: 3.8810e+02 
2025-08-19 13:29:20,731 INFO: [smal..][epoch:  2, iter:   1,800, lr:(9.945e-04,9.902e-04,)][eta: 14:08:19, time (data): 2.195 (0.073)]rfmnet: 3.0444e+02 l_total: 3.0444e+02 
2025-08-19 13:32:56,118 INFO: [smal..][epoch:  2, iter:   1,900, lr:(9.945e-04,9.902e-04,)][eta: 13:54:29, time (data): 2.120 (0.070)]rfmnet: 2.4261e+02 l_total: 2.4261e+02 
2025-08-19 13:36:19,247 INFO: [smal..][epoch:  2, iter:   2,000, lr:(9.945e-04,9.902e-04,)][eta: 13:39:46, time (data): 2.074 (0.069)]rfmnet: 2.4972e+02 l_total: 2.4972e+02 
2025-08-19 13:36:19,248 INFO: Saving models and training states.
2025-08-19 13:36:19,328 INFO: Start validation.
2025-08-19 13:46:45,872 INFO: Avg time: 1.8400
2025-08-19 13:46:46,004 INFO: Val auc: 0.6739
2025-08-19 13:46:46,004 INFO: Val avg error: 0.0397
2025-08-19 13:46:46,037 INFO: Best model is updated, average geodesic error: 0.0397
2025-08-19 13:50:19,572 INFO: [smal..][epoch:  3, iter:   2,100, lr:(9.780e-04,9.611e-04,)][eta: 14:59:03, time (data): 2.008 (0.095)]rfmnet: 2.3582e+02 l_total: 2.3582e+02 
2025-08-19 13:54:13,066 INFO: [smal..][epoch:  3, iter:   2,200, lr:(9.780e-04,9.611e-04,)][eta: 14:45:51, time (data): 2.180 (0.083)]rfmnet: 2.1129e+02 l_total: 2.1129e+02 
2025-08-19 13:58:03,148 INFO: [smal..][epoch:  3, iter:   2,300, lr:(9.780e-04,9.611e-04,)][eta: 14:33:00, time (data): 2.247 (0.069)]rfmnet: 1.9549e+02 l_total: 1.9549e+02 
2025-08-19 14:01:09,732 INFO: [smal..][epoch:  3, iter:   2,400, lr:(9.780e-04,9.611e-04,)][eta: 14:15:28, time (data): 2.045 (0.064)]rfmnet: 1.4856e+02 l_total: 1.4856e+02 
2025-08-19 14:05:52,557 INFO: [smal..][epoch:  3, iter:   2,500, lr:(9.780e-04,9.611e-04,)][eta: 14:10:36, time (data): 2.820 (0.078)]rfmnet: 1.6911e+02 l_total: 1.6911e+02 
2025-08-19 14:10:26,886 INFO: [smal..][epoch:  3, iter:   2,600, lr:(9.780e-04,9.611e-04,)][eta: 14:04:46, time (data): 2.779 (0.080)]rfmnet: 1.9463e+02 l_total: 1.9463e+02 
2025-08-19 14:14:52,831 INFO: [smal..][epoch:  3, iter:   2,700, lr:(9.780e-04,9.611e-04,)][eta: 13:58:07, time (data): 2.577 (0.079)]rfmnet: 1.4172e+02 l_total: 1.4172e+02 
2025-08-19 14:18:06,492 INFO: [smal..][epoch:  3, iter:   2,800, lr:(9.780e-04,9.611e-04,)][eta: 13:44:02, time (data): 2.235 (0.075)]rfmnet: 1.4552e+02 l_total: 1.4552e+02 
2025-08-19 14:22:47,256 INFO: [smal..][epoch:  3, iter:   2,900, lr:(9.780e-04,9.611e-04,)][eta: 13:39:29, time (data): 2.762 (0.077)]rfmnet: 1.2499e+02 l_total: 1.2499e+02 
2025-08-19 14:25:53,463 INFO: [smal..][epoch:  3, iter:   3,000, lr:(9.780e-04,9.611e-04,)][eta: 13:25:44, time (data): 2.278 (0.070)]rfmnet: 1.2794e+02 l_total: 1.2794e+02 
2025-08-19 14:25:53,464 INFO: Saving models and training states.
2025-08-19 14:25:53,490 INFO: Start validation.
2025-08-19 14:38:08,728 INFO: Avg time: 2.4166
2025-08-19 14:38:08,937 INFO: Val auc: 0.7013
2025-08-19 14:38:08,945 INFO: Val avg error: 0.0370
2025-08-19 14:38:08,951 INFO: Best model is updated, average geodesic error: 0.0370
2025-08-19 14:42:27,049 INFO: [smal..][epoch:  4, iter:   3,100, lr:(9.510e-04,9.141e-04,)][eta: 14:28:06, time (data): 2.492 (0.093)]rfmnet: 1.4280e+02 l_total: 1.4280e+02 
2025-08-19 14:46:48,967 INFO: [smal..][epoch:  4, iter:   3,200, lr:(9.510e-04,9.141e-04,)][eta: 14:19:42, time (data): 2.561 (0.086)]rfmnet: 1.0797e+02 l_total: 1.0797e+02 
2025-08-19 14:50:31,761 INFO: [smal..][epoch:  4, iter:   3,300, lr:(9.510e-04,9.141e-04,)][eta: 14:08:10, time (data): 2.093 (0.073)]rfmnet: 1.0945e+02 l_total: 1.0945e+02 
2025-08-19 14:54:15,374 INFO: [smal..][epoch:  4, iter:   3,400, lr:(9.510e-04,9.141e-04,)][eta: 13:57:09, time (data): 2.171 (0.073)]rfmnet: 1.1802e+02 l_total: 1.1802e+02 
2025-08-19 14:58:42,340 INFO: [smal..][epoch:  4, iter:   3,500, lr:(9.510e-04,9.141e-04,)][eta: 13:50:03, time (data): 2.677 (0.083)]rfmnet: 7.6140e+01 l_total: 7.6140e+01 
2025-08-19 15:02:12,665 INFO: [smal..][epoch:  4, iter:   3,600, lr:(9.510e-04,9.141e-04,)][eta: 13:38:41, time (data): 2.363 (0.078)]rfmnet: 1.0148e+02 l_total: 1.0148e+02 
2025-08-19 15:06:23,635 INFO: [smal..][epoch:  4, iter:   3,700, lr:(9.510e-04,9.141e-04,)][eta: 13:30:48, time (data): 2.572 (0.085)]rfmnet: 1.0120e+02 l_total: 1.0120e+02 
2025-08-19 15:09:29,370 INFO: [smal..][epoch:  4, iter:   3,800, lr:(9.510e-04,9.141e-04,)][eta: 13:18:21, time (data): 2.179 (0.078)]rfmnet: 6.3213e+01 l_total: 6.3213e+01 
2025-08-19 15:13:21,271 INFO: [smal..][epoch:  4, iter:   3,900, lr:(9.510e-04,9.141e-04,)][eta: 13:09:39, time (data): 2.343 (0.077)]rfmnet: 6.6200e+01 l_total: 6.6200e+01 
2025-08-19 15:17:28,781 INFO: [smal..][epoch:  4, iter:   4,000, lr:(9.510e-04,9.141e-04,)][eta: 13:02:15, time (data): 2.416 (0.084)]rfmnet: 5.8870e+01 l_total: 5.8870e+01 
2025-08-19 15:17:28,782 INFO: Saving models and training states.
2025-08-19 15:17:28,819 INFO: Start validation.
2025-08-19 15:27:51,462 INFO: Avg time: 1.3560
2025-08-19 15:27:51,583 INFO: Val auc: 0.7201
2025-08-19 15:27:51,583 INFO: Val avg error: 0.0343
2025-08-19 15:27:51,642 INFO: Best model is updated, average geodesic error: 0.0343
2025-08-19 15:31:03,272 INFO: [smal..][epoch:  5, iter:   4,100, lr:(9.141e-04,8.511e-04,)][eta: 13:32:46, time (data): 1.842 (0.098)]rfmnet: 5.3603e+01 l_total: 5.3603e+01 
2025-08-19 15:35:08,446 INFO: [smal..][epoch:  5, iter:   4,200, lr:(9.141e-04,8.511e-04,)][eta: 13:24:25, time (data): 2.181 (0.085)]rfmnet: 6.0752e+01 l_total: 6.0752e+01 
2025-08-19 15:38:58,126 INFO: [smal..][epoch:  5, iter:   4,300, lr:(9.141e-04,8.511e-04,)][eta: 13:15:17, time (data): 2.290 (0.068)]rfmnet: 5.3405e+01 l_total: 5.3405e+01 
2025-08-19 15:42:50,332 INFO: [smal..][epoch:  5, iter:   4,400, lr:(9.141e-04,8.511e-04,)][eta: 13:06:33, time (data): 2.308 (0.068)]rfmnet: 4.5469e+01 l_total: 4.5469e+01 
2025-08-19 15:47:24,022 INFO: [smal..][epoch:  5, iter:   4,500, lr:(9.141e-04,8.511e-04,)][eta: 13:00:29, time (data): 2.839 (0.084)]rfmnet: 4.8787e+01 l_total: 4.8787e+01 
2025-08-19 15:52:00,745 INFO: [smal..][epoch:  5, iter:   4,600, lr:(9.141e-04,8.511e-04,)][eta: 12:54:39, time (data): 2.799 (0.078)]rfmnet: 4.1354e+01 l_total: 4.1354e+01 
2025-08-19 15:55:33,679 INFO: [smal..][epoch:  5, iter:   4,700, lr:(9.141e-04,8.511e-04,)][eta: 12:45:19, time (data): 2.066 (0.070)]rfmnet: 3.6988e+01 l_total: 3.6988e+01 
2025-08-19 15:59:26,371 INFO: [smal..][epoch:  5, iter:   4,800, lr:(9.141e-04,8.511e-04,)][eta: 12:37:17, time (data): 2.214 (0.072)]rfmnet: 5.7228e+01 l_total: 5.7228e+01 
2025-08-19 16:03:43,411 INFO: [smal..][epoch:  5, iter:   4,900, lr:(9.141e-04,8.511e-04,)][eta: 12:30:43, time (data): 2.584 (0.076)]rfmnet: 3.7861e+01 l_total: 3.7861e+01 
2025-08-19 16:07:09,575 INFO: [smal..][epoch:  5, iter:   5,000, lr:(9.141e-04,8.511e-04,)][eta: 12:21:37, time (data): 2.287 (0.077)]rfmnet: 3.4853e+01 l_total: 3.4853e+01 
2025-08-19 16:07:09,575 INFO: Saving models and training states.
2025-08-19 16:07:09,641 INFO: Start validation.
2025-08-19 16:19:44,440 INFO: Avg time: 2.3874
2025-08-19 16:19:44,659 INFO: Val auc: 0.7289
2025-08-19 16:19:44,663 INFO: Val avg error: 0.0338
2025-08-19 16:19:44,667 INFO: Best model is updated, average geodesic error: 0.0338
2025-08-19 16:23:59,493 INFO: [smal..][epoch:  5, iter:   5,100, lr:(9.141e-04,8.511e-04,)][eta: 12:53:08, time (data): 2.458 (0.066)]rfmnet: 3.4124e+01 l_total: 3.4124e+01 
2025-08-19 16:28:09,783 INFO: [smal..][epoch:  6, iter:   5,200, lr:(8.682e-04,7.750e-04,)][eta: 12:45:36, time (data): 2.484 (0.076)]rfmnet: 4.8871e+01 l_total: 4.8871e+01 
2025-08-19 16:32:18,139 INFO: [smal..][epoch:  6, iter:   5,300, lr:(8.682e-04,7.750e-04,)][eta: 12:38:05, time (data): 2.420 (0.067)]rfmnet: 2.8413e+01 l_total: 2.8413e+01 
2025-08-19 16:36:20,292 INFO: [smal..][epoch:  6, iter:   5,400, lr:(8.682e-04,7.750e-04,)][eta: 12:30:25, time (data): 2.421 (0.072)]rfmnet: 2.4704e+01 l_total: 2.4704e+01 
2025-08-19 16:40:51,535 INFO: [smal..][epoch:  6, iter:   5,500, lr:(8.682e-04,7.750e-04,)][eta: 12:24:12, time (data): 2.569 (0.068)]rfmnet: 3.1651e+01 l_total: 3.1651e+01 
2025-08-19 16:44:32,836 INFO: [smal..][epoch:  6, iter:   5,600, lr:(8.682e-04,7.750e-04,)][eta: 12:15:50, time (data): 2.363 (0.070)]rfmnet: 2.7248e+01 l_total: 2.7248e+01 
2025-08-19 16:48:37,215 INFO: [smal..][epoch:  6, iter:   5,700, lr:(8.682e-04,7.750e-04,)][eta: 12:08:37, time (data): 2.433 (0.068)]rfmnet: 2.5661e+01 l_total: 2.5661e+01 
2025-08-19 16:52:13,288 INFO: [smal..][epoch:  6, iter:   5,800, lr:(8.682e-04,7.750e-04,)][eta: 12:00:20, time (data): 2.275 (0.068)]rfmnet: 2.1805e+01 l_total: 2.1805e+01 
2025-08-19 16:56:45,286 INFO: [smal..][epoch:  6, iter:   5,900, lr:(8.682e-04,7.750e-04,)][eta: 11:54:30, time (data): 3.081 (0.083)]rfmnet: 2.1897e+01 l_total: 2.1897e+01 
2025-08-19 17:00:12,374 INFO: [smal..][epoch:  6, iter:   6,000, lr:(8.682e-04,7.750e-04,)][eta: 11:46:06, time (data): 2.490 (0.073)]rfmnet: 1.8695e+01 l_total: 1.8695e+01 
2025-08-19 17:00:12,374 INFO: Saving models and training states.
2025-08-19 17:00:12,405 INFO: Start validation.
2025-08-19 17:11:34,802 INFO: Avg time: 1.5396
2025-08-19 17:11:34,932 INFO: Val auc: 0.7258
2025-08-19 17:11:34,936 INFO: Val avg error: 0.0329
2025-08-19 17:11:34,941 INFO: Best model is updated, average geodesic error: 0.0329
2025-08-19 17:15:28,156 INFO: [smal..][epoch:  6, iter:   6,100, lr:(8.682e-04,7.750e-04,)][eta: 12:05:42, time (data): 2.458 (0.081)]rfmnet: 2.0020e+01 l_total: 2.0020e+01 
2025-08-19 17:19:19,428 INFO: [smal..][epoch:  7, iter:   6,200, lr:(8.145e-04,6.891e-04,)][eta: 11:57:55, time (data): 2.372 (0.085)]rfmnet: 1.8433e+01 l_total: 1.8433e+01 
2025-08-19 17:23:44,956 INFO: [smal..][epoch:  7, iter:   6,300, lr:(8.145e-04,6.891e-04,)][eta: 11:51:32, time (data): 2.867 (0.085)]rfmnet: 1.8999e+01 l_total: 1.8999e+01 
2025-08-19 17:28:19,399 INFO: [smal..][epoch:  7, iter:   6,400, lr:(8.145e-04,6.891e-04,)][eta: 11:45:32, time (data): 2.794 (0.084)]rfmnet: 1.8480e+01 l_total: 1.8480e+01 
2025-08-19 17:33:11,052 INFO: [smal..][epoch:  7, iter:   6,500, lr:(8.145e-04,6.891e-04,)][eta: 11:40:12, time (data): 2.800 (0.090)]rfmnet: 2.2090e+01 l_total: 2.2090e+01 
2025-08-19 17:36:53,423 INFO: [smal..][epoch:  7, iter:   6,600, lr:(8.145e-04,6.891e-04,)][eta: 11:32:27, time (data): 2.457 (0.079)]rfmnet: 1.8616e+01 l_total: 1.8616e+01 
2025-08-19 17:40:34,555 INFO: [smal..][epoch:  7, iter:   6,700, lr:(8.145e-04,6.891e-04,)][eta: 11:24:47, time (data): 2.327 (0.084)]rfmnet: 1.5747e+01 l_total: 1.5747e+01 
2025-08-19 17:44:42,748 INFO: [smal..][epoch:  7, iter:   6,800, lr:(8.145e-04,6.891e-04,)][eta: 11:18:08, time (data): 2.420 (0.083)]rfmnet: 1.6650e+01 l_total: 1.6650e+01 
2025-08-19 17:48:38,319 INFO: [smal..][epoch:  7, iter:   6,900, lr:(8.145e-04,6.891e-04,)][eta: 11:11:09, time (data): 2.448 (0.075)]rfmnet: 1.1443e+01 l_total: 1.1443e+01 
2025-08-19 17:52:57,282 INFO: [smal..][epoch:  7, iter:   7,000, lr:(8.145e-04,6.891e-04,)][eta: 11:05:00, time (data): 2.533 (0.076)]rfmnet: 1.7854e+01 l_total: 1.7854e+01 
2025-08-19 17:52:57,283 INFO: Saving models and training states.
2025-08-19 17:52:57,424 INFO: Start validation.
2025-08-19 18:04:49,733 INFO: Avg time: 2.1361
2025-08-19 18:04:49,979 INFO: Val auc: 0.7315
2025-08-19 18:04:49,979 INFO: Val avg error: 0.0273
2025-08-19 18:04:50,031 INFO: Best model is updated, average geodesic error: 0.0273
2025-08-19 18:08:11,753 INFO: [smal..][epoch:  7, iter:   7,100, lr:(8.145e-04,6.891e-04,)][eta: 11:19:29, time (data): 2.093 (0.071)]rfmnet: 1.4330e+01 l_total: 1.4330e+01 
2025-08-19 18:12:33,961 INFO: [smal..][epoch:  8, iter:   7,200, lr:(7.543e-04,5.970e-04,)][eta: 11:13:06, time (data): 2.414 (0.088)]rfmnet: 1.4467e+01 l_total: 1.4467e+01 
2025-08-19 18:16:06,646 INFO: [smal..][epoch:  8, iter:   7,300, lr:(7.543e-04,5.970e-04,)][eta: 11:05:17, time (data): 2.156 (0.067)]rfmnet: 1.6452e+01 l_total: 1.6452e+01 
2025-08-19 18:20:41,639 INFO: [smal..][epoch:  8, iter:   7,400, lr:(7.543e-04,5.970e-04,)][eta: 10:59:24, time (data): 2.518 (0.075)]rfmnet: 1.0536e+01 l_total: 1.0536e+01 
2025-08-19 18:24:13,772 INFO: [smal..][epoch:  8, iter:   7,500, lr:(7.543e-04,5.970e-04,)][eta: 10:51:46, time (data): 1.880 (0.067)]rfmnet: 1.5082e+01 l_total: 1.5082e+01 
2025-08-19 18:28:09,697 INFO: [smal..][epoch:  8, iter:   7,600, lr:(7.543e-04,5.970e-04,)][eta: 10:44:53, time (data): 2.174 (0.071)]rfmnet: 1.0899e+01 l_total: 1.0899e+01 
2025-08-19 18:32:08,750 INFO: [smal..][epoch:  8, iter:   7,700, lr:(7.543e-04,5.970e-04,)][eta: 10:38:11, time (data): 2.360 (0.071)]rfmnet: 1.4067e+01 l_total: 1.4067e+01 
2025-08-19 18:36:08,455 INFO: [smal..][epoch:  8, iter:   7,800, lr:(7.543e-04,5.970e-04,)][eta: 10:31:34, time (data): 2.383 (0.076)]rfmnet: 1.0128e+01 l_total: 1.0128e+01 
2025-08-19 18:40:28,959 INFO: [smal..][epoch:  8, iter:   7,900, lr:(7.543e-04,5.970e-04,)][eta: 10:25:34, time (data): 2.574 (0.076)]rfmnet: 1.4371e+01 l_total: 1.4371e+01 
2025-08-19 18:43:35,766 INFO: [smal..][epoch:  8, iter:   8,000, lr:(7.543e-04,5.970e-04,)][eta: 10:17:42, time (data): 2.136 (0.070)]rfmnet: 1.0356e+01 l_total: 1.0356e+01 
2025-08-19 18:43:35,766 INFO: Saving models and training states.
2025-08-19 18:43:35,784 INFO: Start validation.
2025-08-19 18:56:04,150 INFO: Avg time: 2.2852
2025-08-19 18:56:04,345 INFO: Val auc: 0.7347
2025-08-19 18:56:04,348 INFO: Val avg error: 0.0270
2025-08-19 18:56:04,352 INFO: Best model is updated, average geodesic error: 0.0270
2025-08-19 18:58:59,269 INFO: [smal..][epoch:  8, iter:   8,100, lr:(7.543e-04,5.970e-04,)][eta: 10:28:42, time (data): 1.669 (0.060)]rfmnet: 8.2162e+00 l_total: 8.2162e+00 
2025-08-19 19:02:25,329 INFO: [smal..][epoch:  9, iter:   8,200, lr:(6.891e-04,5.030e-04,)][eta: 10:21:10, time (data): 1.913 (0.073)]rfmnet: 7.7435e+00 l_total: 7.7435e+00 
2025-08-19 19:06:55,689 INFO: [smal..][epoch:  9, iter:   8,300, lr:(6.891e-04,5.030e-04,)][eta: 10:15:17, time (data): 2.826 (0.079)]rfmnet: 9.2346e+00 l_total: 9.2346e+00 
2025-08-19 19:11:17,764 INFO: [smal..][epoch:  9, iter:   8,400, lr:(6.891e-04,5.030e-04,)][eta: 10:09:15, time (data): 2.697 (0.075)]rfmnet: 8.3626e+00 l_total: 8.3626e+00 
2025-08-19 19:15:24,884 INFO: [smal..][epoch:  9, iter:   8,500, lr:(6.891e-04,5.030e-04,)][eta: 10:02:54, time (data): 2.300 (0.071)]rfmnet: 9.6195e+00 l_total: 9.6195e+00 
2025-08-19 19:18:24,744 INFO: [smal..][epoch:  9, iter:   8,600, lr:(6.891e-04,5.030e-04,)][eta: 9:55:04, time (data): 1.983 (0.068)]rfmnet: 9.6047e+00 l_total: 9.6047e+00 
2025-08-19 19:22:34,136 INFO: [smal..][epoch:  9, iter:   8,700, lr:(6.891e-04,5.030e-04,)][eta: 9:48:54, time (data): 2.843 (0.078)]rfmnet: 7.6676e+00 l_total: 7.6676e+00 
2025-08-19 19:26:26,973 INFO: [smal..][epoch:  9, iter:   8,800, lr:(6.891e-04,5.030e-04,)][eta: 9:42:25, time (data): 2.515 (0.079)]rfmnet: 8.5878e+00 l_total: 8.5878e+00 
2025-08-19 19:30:04,741 INFO: [smal..][epoch:  9, iter:   8,900, lr:(6.891e-04,5.030e-04,)][eta: 9:35:40, time (data): 2.562 (0.070)]rfmnet: 6.4941e+00 l_total: 6.4941e+00 
2025-08-19 19:34:09,749 INFO: [smal..][epoch:  9, iter:   9,000, lr:(6.891e-04,5.030e-04,)][eta: 9:29:33, time (data): 2.490 (0.073)]rfmnet: 6.6318e+00 l_total: 6.6318e+00 
2025-08-19 19:34:09,750 INFO: Saving models and training states.
2025-08-19 19:34:09,839 INFO: Start validation.
2025-08-19 19:45:05,146 INFO: Avg time: 1.8085
2025-08-19 19:45:05,320 INFO: Val auc: 0.7384
2025-08-19 19:45:05,323 INFO: Val avg error: 0.0266
2025-08-19 19:45:05,326 INFO: Best model is updated, average geodesic error: 0.0266
2025-08-19 19:49:14,644 INFO: [smal..][epoch:  9, iter:   9,100, lr:(6.891e-04,5.030e-04,)][eta: 9:37:15, time (data): 3.038 (0.084)]rfmnet: 5.2578e+00 l_total: 5.2578e+00 
2025-08-19 19:53:22,227 INFO: [smal..][epoch:  9, iter:   9,200, lr:(6.891e-04,5.030e-04,)][eta: 9:31:01, time (data): 2.675 (0.075)]rfmnet: 6.5088e+00 l_total: 6.5088e+00 
2025-08-19 19:57:15,572 INFO: [smal..][epoch: 10, iter:   9,300, lr:(6.204e-04,4.109e-04,)][eta: 9:24:32, time (data): 2.483 (0.082)]rfmnet: 6.0036e+00 l_total: 6.0036e+00 
2025-08-19 20:01:16,149 INFO: [smal..][epoch: 10, iter:   9,400, lr:(6.204e-04,4.109e-04,)][eta: 9:18:16, time (data): 2.433 (0.081)]rfmnet: 6.1805e+00 l_total: 6.1805e+00 
2025-08-19 20:05:04,068 INFO: [smal..][epoch: 10, iter:   9,500, lr:(6.204e-04,4.109e-04,)][eta: 9:11:48, time (data): 2.062 (0.072)]rfmnet: 6.3836e+00 l_total: 6.3836e+00 
2025-08-19 20:09:34,133 INFO: [smal..][epoch: 10, iter:   9,600, lr:(6.204e-04,4.109e-04,)][eta: 9:06:10, time (data): 2.480 (0.077)]rfmnet: 8.2643e+00 l_total: 8.2643e+00 
2025-08-19 20:13:17,458 INFO: [smal..][epoch: 10, iter:   9,700, lr:(6.204e-04,4.109e-04,)][eta: 8:59:43, time (data): 2.064 (0.072)]rfmnet: 8.1227e+00 l_total: 8.1227e+00 
2025-08-19 20:17:49,973 INFO: [smal..][epoch: 10, iter:   9,800, lr:(6.204e-04,4.109e-04,)][eta: 8:54:12, time (data): 2.499 (0.079)]rfmnet: 5.8018e+00 l_total: 5.8018e+00 
2025-08-19 20:21:44,740 INFO: [smal..][epoch: 10, iter:   9,900, lr:(6.204e-04,4.109e-04,)][eta: 8:48:02, time (data): 2.145 (0.075)]rfmnet: 6.3378e+00 l_total: 6.3378e+00 
2025-08-19 20:25:10,189 INFO: [smal..][epoch: 10, iter:  10,000, lr:(6.204e-04,4.109e-04,)][eta: 8:41:24, time (data): 2.085 (0.069)]rfmnet: 4.8290e+00 l_total: 4.8290e+00 
2025-08-19 20:25:10,190 INFO: Saving models and training states.
2025-08-19 20:25:10,212 INFO: Start validation.
2025-08-19 20:37:56,461 INFO: Avg time: 2.4854
2025-08-19 20:37:56,572 INFO: Val auc: 0.7331
2025-08-19 20:37:56,576 INFO: Val avg error: 0.0272
2025-08-19 20:41:25,538 INFO: [smal..][epoch: 10, iter:  10,100, lr:(6.204e-04,4.109e-04,)][eta: 8:48:01, time (data): 1.930 (0.071)]rfmnet: 7.4680e+00 l_total: 7.4680e+00 
2025-08-19 20:45:03,025 INFO: [smal..][epoch: 10, iter:  10,200, lr:(6.204e-04,4.109e-04,)][eta: 8:41:27, time (data): 2.093 (0.071)]rfmnet: 4.8014e+00 l_total: 4.8014e+00 
2025-08-19 20:49:25,766 INFO: [smal..][epoch: 11, iter:  10,300, lr:(5.500e-04,3.250e-04,)][eta: 8:35:41, time (data): 2.590 (0.078)]rfmnet: 5.5981e+00 l_total: 5.5981e+00 
2025-08-19 20:54:00,556 INFO: [smal..][epoch: 11, iter:  10,400, lr:(5.500e-04,3.250e-04,)][eta: 8:30:09, time (data): 2.696 (0.074)]rfmnet: 6.1038e+00 l_total: 6.1038e+00 
2025-08-19 20:57:47,564 INFO: [smal..][epoch: 11, iter:  10,500, lr:(5.500e-04,3.250e-04,)][eta: 8:23:53, time (data): 2.157 (0.060)]rfmnet: 4.2597e+00 l_total: 4.2597e+00 
2025-08-19 21:02:06,728 INFO: [smal..][epoch: 11, iter:  10,600, lr:(5.500e-04,3.250e-04,)][eta: 8:18:09, time (data): 2.450 (0.065)]rfmnet: 5.6990e+00 l_total: 5.6990e+00 
2025-08-19 21:06:11,914 INFO: [smal..][epoch: 11, iter:  10,700, lr:(5.500e-04,3.250e-04,)][eta: 8:12:14, time (data): 2.406 (0.077)]rfmnet: 4.7272e+00 l_total: 4.7272e+00 
2025-08-19 21:10:07,636 INFO: [smal..][epoch: 11, iter:  10,800, lr:(5.500e-04,3.250e-04,)][eta: 8:06:12, time (data): 2.373 (0.070)]rfmnet: 5.4384e+00 l_total: 5.4384e+00 
2025-08-19 21:14:04,452 INFO: [smal..][epoch: 11, iter:  10,900, lr:(5.500e-04,3.250e-04,)][eta: 8:00:14, time (data): 2.204 (0.064)]rfmnet: 5.6080e+00 l_total: 5.6080e+00 
2025-08-19 21:17:45,048 INFO: [smal..][epoch: 11, iter:  11,000, lr:(5.500e-04,3.250e-04,)][eta: 7:54:04, time (data): 2.205 (0.065)]rfmnet: 6.2086e+00 l_total: 6.2086e+00 
2025-08-19 21:17:45,049 INFO: Saving models and training states.
2025-08-19 21:17:45,073 INFO: Start validation.
2025-08-19 21:30:08,660 INFO: Avg time: 2.4582
2025-08-19 21:30:08,950 INFO: Val auc: 0.7358
2025-08-19 21:30:08,958 INFO: Val avg error: 0.0269
2025-08-19 21:34:01,875 INFO: [smal..][epoch: 11, iter:  11,100, lr:(5.500e-04,3.250e-04,)][eta: 7:58:36, time (data): 2.150 (0.066)]rfmnet: 5.2783e+00 l_total: 5.2783e+00 
2025-08-19 21:38:16,938 INFO: [smal..][epoch: 11, iter:  11,200, lr:(5.500e-04,3.250e-04,)][eta: 7:52:47, time (data): 2.426 (0.071)]rfmnet: 4.0318e+00 l_total: 4.0318e+00 
2025-08-19 21:42:14,652 INFO: [smal..][epoch: 12, iter:  11,300, lr:(4.796e-04,2.489e-04,)][eta: 7:46:46, time (data): 1.903 (0.101)]rfmnet: 5.7962e+00 l_total: 5.7962e+00 
2025-08-19 21:46:04,533 INFO: [smal..][epoch: 12, iter:  11,400, lr:(4.796e-04,2.489e-04,)][eta: 7:40:41, time (data): 2.178 (0.085)]rfmnet: 5.4885e+00 l_total: 5.4885e+00 
2025-08-19 21:50:33,744 INFO: [smal..][epoch: 12, iter:  11,500, lr:(4.796e-04,2.489e-04,)][eta: 7:35:09, time (data): 2.620 (0.077)]rfmnet: 4.3744e+00 l_total: 4.3744e+00 
2025-08-19 21:54:11,181 INFO: [smal..][epoch: 12, iter:  11,600, lr:(4.796e-04,2.489e-04,)][eta: 7:28:59, time (data): 2.308 (0.073)]rfmnet: 5.4730e+00 l_total: 5.4730e+00 
2025-08-19 21:58:39,466 INFO: [smal..][epoch: 12, iter:  11,700, lr:(4.796e-04,2.489e-04,)][eta: 7:23:29, time (data): 2.600 (0.083)]rfmnet: 3.6807e+00 l_total: 3.6807e+00 
2025-08-19 22:02:08,126 INFO: [smal..][epoch: 12, iter:  11,800, lr:(4.796e-04,2.489e-04,)][eta: 7:17:17, time (data): 2.238 (0.077)]rfmnet: 3.7058e+00 l_total: 3.7058e+00 
2025-08-19 22:06:37,333 INFO: [smal..][epoch: 12, iter:  11,900, lr:(4.796e-04,2.489e-04,)][eta: 7:11:50, time (data): 2.662 (0.083)]rfmnet: 3.5536e+00 l_total: 3.5536e+00 
2025-08-19 22:10:29,482 INFO: [smal..][epoch: 12, iter:  12,000, lr:(4.796e-04,2.489e-04,)][eta: 7:05:59, time (data): 2.421 (0.080)]rfmnet: 3.0522e+00 l_total: 3.0522e+00 
2025-08-19 22:10:29,483 INFO: Saving models and training states.
2025-08-19 22:10:29,502 INFO: Start validation.
2025-08-19 22:21:47,859 INFO: Avg time: 1.7262
2025-08-19 22:21:48,142 INFO: Val auc: 0.7368
2025-08-19 22:21:48,145 INFO: Val avg error: 0.0268
2025-08-19 22:26:18,761 INFO: [smal..][epoch: 12, iter:  12,100, lr:(4.796e-04,2.489e-04,)][eta: 7:08:26, time (data): 2.853 (0.079)]rfmnet: 3.0717e+00 l_total: 3.0717e+00 
2025-08-19 22:29:59,168 INFO: [smal..][epoch: 12, iter:  12,200, lr:(4.796e-04,2.489e-04,)][eta: 7:02:21, time (data): 2.389 (0.075)]rfmnet: 4.4833e+00 l_total: 4.4833e+00 
2025-08-19 22:33:50,139 INFO: [smal..][epoch: 13, iter:  12,300, lr:(4.109e-04,1.859e-04,)][eta: 6:56:25, time (data): 2.497 (0.132)]rfmnet: 5.2081e+00 l_total: 5.2081e+00 
2025-08-19 22:37:47,173 INFO: [smal..][epoch: 13, iter:  12,400, lr:(4.109e-04,1.859e-04,)][eta: 6:50:35, time (data): 2.406 (0.087)]rfmnet: 3.3496e+00 l_total: 3.3496e+00 
2025-08-19 22:41:49,543 INFO: [smal..][epoch: 13, iter:  12,500, lr:(4.109e-04,1.859e-04,)][eta: 6:44:50, time (data): 2.758 (0.072)]rfmnet: 5.2316e+00 l_total: 5.2316e+00 
2025-08-19 22:46:00,862 INFO: [smal..][epoch: 13, iter:  12,600, lr:(4.109e-04,1.859e-04,)][eta: 6:39:12, time (data): 2.581 (0.071)]rfmnet: 3.4168e+00 l_total: 3.4168e+00 
2025-08-19 22:49:57,273 INFO: [smal..][epoch: 13, iter:  12,700, lr:(4.109e-04,1.859e-04,)][eta: 6:33:27, time (data): 2.814 (0.069)]rfmnet: 3.7901e+00 l_total: 3.7901e+00 
2025-08-19 22:53:58,259 INFO: [smal..][epoch: 13, iter:  12,800, lr:(4.109e-04,1.859e-04,)][eta: 6:27:46, time (data): 2.519 (0.074)]rfmnet: 4.6121e+00 l_total: 4.6121e+00 
2025-08-19 22:57:04,068 INFO: [smal..][epoch: 13, iter:  12,900, lr:(4.109e-04,1.859e-04,)][eta: 6:21:34, time (data): 1.586 (0.052)]rfmnet: 4.7978e+00 l_total: 4.7978e+00 
2025-08-19 23:01:46,358 INFO: [smal..][epoch: 13, iter:  13,000, lr:(4.109e-04,1.859e-04,)][eta: 6:16:20, time (data): 2.496 (0.072)]rfmnet: 4.3310e+00 l_total: 4.3310e+00 
2025-08-19 23:01:46,359 INFO: Saving models and training states.
2025-08-19 23:01:46,378 INFO: Start validation.
2025-08-19 23:13:07,163 INFO: Avg time: 1.9572
2025-08-19 23:13:07,463 INFO: Val auc: 0.7373
2025-08-19 23:13:07,467 INFO: Val avg error: 0.0268
2025-08-19 23:15:51,902 INFO: [smal..][epoch: 13, iter:  13,100, lr:(4.109e-04,1.859e-04,)][eta: 6:16:25, time (data): 1.838 (0.061)]rfmnet: 4.8869e+00 l_total: 4.8869e+00 
2025-08-19 23:19:51,679 INFO: [smal..][epoch: 13, iter:  13,200, lr:(4.109e-04,1.859e-04,)][eta: 6:10:42, time (data): 2.253 (0.069)]rfmnet: 4.3727e+00 l_total: 4.3727e+00 
2025-08-19 23:23:26,937 INFO: [smal..][epoch: 13, iter:  13,300, lr:(4.109e-04,1.859e-04,)][eta: 6:04:48, time (data): 2.232 (0.059)]rfmnet: 3.4935e+00 l_total: 3.4935e+00 
2025-08-19 23:27:35,361 INFO: [smal..][epoch: 14, iter:  13,400, lr:(3.457e-04,1.389e-04,)][eta: 5:59:13, time (data): 2.420 (0.087)]rfmnet: 3.2420e+00 l_total: 3.2420e+00 
2025-08-19 23:31:13,047 INFO: [smal..][epoch: 14, iter:  13,500, lr:(3.457e-04,1.389e-04,)][eta: 5:53:24, time (data): 1.970 (0.061)]rfmnet: 2.8695e+00 l_total: 2.8695e+00 
2025-08-19 23:34:36,966 INFO: [smal..][epoch: 14, iter:  13,600, lr:(3.457e-04,1.389e-04,)][eta: 5:47:29, time (data): 2.022 (0.066)]rfmnet: 3.5220e+00 l_total: 3.5220e+00 
2025-08-19 23:38:30,125 INFO: [smal..][epoch: 14, iter:  13,700, lr:(3.457e-04,1.389e-04,)][eta: 5:41:52, time (data): 2.154 (0.068)]rfmnet: 2.9128e+00 l_total: 2.9128e+00 
2025-08-19 23:41:45,754 INFO: [smal..][epoch: 14, iter:  13,800, lr:(3.457e-04,1.389e-04,)][eta: 5:35:57, time (data): 2.004 (0.061)]rfmnet: 2.5355e+00 l_total: 2.5355e+00 
2025-08-19 23:45:10,176 INFO: [smal..][epoch: 14, iter:  13,900, lr:(3.457e-04,1.389e-04,)][eta: 5:30:09, time (data): 2.012 (0.066)]rfmnet: 2.3153e+00 l_total: 2.3153e+00 
2025-08-19 23:48:35,321 INFO: [smal..][epoch: 14, iter:  14,000, lr:(3.457e-04,1.389e-04,)][eta: 5:24:24, time (data): 2.042 (0.065)]rfmnet: 2.3750e+00 l_total: 2.3750e+00 
2025-08-19 23:48:35,322 INFO: Saving models and training states.
2025-08-19 23:48:35,344 INFO: Start validation.
2025-08-19 23:59:25,786 INFO: Avg time: 2.0664
2025-08-19 23:59:26,066 INFO: Val auc: 0.7390
2025-08-19 23:59:26,070 INFO: Val avg error: 0.0266
2025-08-19 23:59:26,076 INFO: Best model is updated, average geodesic error: 0.0266
2025-08-20 00:03:48,638 INFO: [smal..][epoch: 14, iter:  14,100, lr:(3.457e-04,1.389e-04,)][eta: 5:24:01, time (data): 2.915 (0.074)]rfmnet: 3.1819e+00 l_total: 3.1819e+00 
2025-08-20 00:08:35,301 INFO: [smal..][epoch: 14, iter:  14,200, lr:(3.457e-04,1.389e-04,)][eta: 5:18:48, time (data): 2.878 (0.080)]rfmnet: 3.7982e+00 l_total: 3.7982e+00 
2025-08-20 00:12:42,262 INFO: [smal..][epoch: 14, iter:  14,300, lr:(3.457e-04,1.389e-04,)][eta: 5:13:18, time (data): 1.350 (0.054)]rfmnet: 3.2379e+00 l_total: 3.2379e+00 
2025-08-20 00:15:44,431 INFO: [smal..][epoch: 15, iter:  14,400, lr:(2.855e-04,1.098e-04,)][eta: 5:07:23, time (data): 1.716 (0.071)]rfmnet: 2.7951e+00 l_total: 2.7951e+00 
2025-08-20 00:20:07,743 INFO: [smal..][epoch: 15, iter:  14,500, lr:(2.855e-04,1.098e-04,)][eta: 5:02:03, time (data): 3.125 (0.079)]rfmnet: 2.4456e+00 l_total: 2.4456e+00 
2025-08-20 00:24:07,721 INFO: [smal..][epoch: 15, iter:  14,600, lr:(2.855e-04,1.098e-04,)][eta: 4:56:34, time (data): 2.558 (0.074)]rfmnet: 3.2440e+00 l_total: 3.2440e+00 
2025-08-20 00:28:00,464 INFO: [smal..][epoch: 15, iter:  14,700, lr:(2.855e-04,1.098e-04,)][eta: 4:51:04, time (data): 2.699 (0.085)]rfmnet: 3.1738e+00 l_total: 3.1738e+00 
2025-08-20 00:32:06,260 INFO: [smal..][epoch: 15, iter:  14,800, lr:(2.855e-04,1.098e-04,)][eta: 4:45:40, time (data): 2.509 (0.085)]rfmnet: 3.3818e+00 l_total: 3.3818e+00 
2025-08-20 00:35:18,813 INFO: [smal..][epoch: 15, iter:  14,900, lr:(2.855e-04,1.098e-04,)][eta: 4:39:57, time (data): 2.082 (0.062)]rfmnet: 3.3832e+00 l_total: 3.3832e+00 
2025-08-20 00:39:52,465 INFO: [smal..][epoch: 15, iter:  15,000, lr:(2.855e-04,1.098e-04,)][eta: 4:34:46, time (data): 2.601 (0.076)]rfmnet: 3.2562e+00 l_total: 3.2562e+00 
2025-08-20 00:39:52,465 INFO: Saving models and training states.
2025-08-20 00:39:52,564 INFO: Start validation.
2025-08-20 00:51:19,055 INFO: Avg time: 1.8892
2025-08-20 00:51:19,361 INFO: Val auc: 0.7368
2025-08-20 00:51:19,368 INFO: Val avg error: 0.0268
2025-08-20 00:54:29,273 INFO: [smal..][epoch: 15, iter:  15,100, lr:(2.855e-04,1.098e-04,)][eta: 4:33:11, time (data): 2.479 (0.065)]rfmnet: 4.2583e+00 l_total: 4.2583e+00 
2025-08-20 00:58:37,153 INFO: [smal..][epoch: 15, iter:  15,200, lr:(2.855e-04,1.098e-04,)][eta: 4:27:46, time (data): 2.479 (0.079)]rfmnet: 2.8595e+00 l_total: 2.8595e+00 
2025-08-20 01:01:58,556 INFO: [smal..][epoch: 15, iter:  15,300, lr:(2.855e-04,1.098e-04,)][eta: 4:22:07, time (data): 2.005 (0.085)]rfmnet: 2.7524e+00 l_total: 2.7524e+00 
2025-08-20 01:06:01,535 INFO: [smal..][epoch: 16, iter:  15,400, lr:(2.318e-04,1.000e-04,)][eta: 4:16:43, time (data): 2.348 (0.088)]rfmnet: 3.3376e+00 l_total: 3.3376e+00 
2025-08-20 01:09:45,143 INFO: [smal..][epoch: 16, iter:  15,500, lr:(2.318e-04,1.000e-04,)][eta: 4:11:14, time (data): 2.029 (0.079)]rfmnet: 2.7434e+00 l_total: 2.7434e+00 
2025-08-20 01:13:46,813 INFO: [smal..][epoch: 16, iter:  15,600, lr:(2.318e-04,1.000e-04,)][eta: 4:05:52, time (data): 2.344 (0.079)]rfmnet: 4.4116e+00 l_total: 4.4116e+00 
2025-08-20 01:17:32,980 INFO: [smal..][epoch: 16, iter:  15,700, lr:(2.318e-04,1.000e-04,)][eta: 4:00:27, time (data): 1.663 (0.058)]rfmnet: 3.9091e+00 l_total: 3.9091e+00 
2025-08-20 01:21:35,750 INFO: [smal..][epoch: 16, iter:  15,800, lr:(2.318e-04,1.000e-04,)][eta: 3:55:07, time (data): 2.290 (0.069)]rfmnet: 2.6441e+00 l_total: 2.6441e+00 
2025-08-20 01:25:40,847 INFO: [smal..][epoch: 16, iter:  15,900, lr:(2.318e-04,1.000e-04,)][eta: 3:49:50, time (data): 2.552 (0.070)]rfmnet: 4.0047e+00 l_total: 4.0047e+00 
2025-08-20 01:29:17,362 INFO: [smal..][epoch: 16, iter:  16,000, lr:(2.318e-04,1.000e-04,)][eta: 3:44:25, time (data): 2.232 (0.065)]rfmnet: 2.4679e+00 l_total: 2.4679e+00 
2025-08-20 01:29:17,363 INFO: Saving models and training states.
2025-08-20 01:29:17,381 INFO: Start validation.
2025-08-20 01:42:47,929 INFO: Avg time: 2.7019
2025-08-20 01:42:48,078 INFO: Val auc: 0.7369
2025-08-20 01:42:48,082 INFO: Val avg error: 0.0268
2025-08-20 01:47:45,139 INFO: [smal..][epoch: 16, iter:  16,100, lr:(2.318e-04,1.000e-04,)][eta: 3:43:04, time (data): 2.841 (0.068)]rfmnet: 2.7073e+00 l_total: 2.7073e+00 
2025-08-20 01:51:49,666 INFO: [smal..][epoch: 16, iter:  16,200, lr:(2.318e-04,1.000e-04,)][eta: 3:37:42, time (data): 2.511 (0.070)]rfmnet: 2.5244e+00 l_total: 2.5244e+00 
2025-08-20 01:54:48,133 INFO: [smal..][epoch: 16, iter:  16,300, lr:(2.318e-04,1.000e-04,)][eta: 3:32:04, time (data): 1.331 (0.057)]rfmnet: 2.7775e+00 l_total: 2.7775e+00 
2025-08-20 01:58:51,536 INFO: [smal..][epoch: 17, iter:  16,400, lr:(1.859e-04,1.098e-04,)][eta: 3:26:44, time (data): 2.258 (0.090)]rfmnet: 2.5552e+00 l_total: 2.5552e+00 
2025-08-20 02:02:06,773 INFO: [smal..][epoch: 17, iter:  16,500, lr:(1.859e-04,1.098e-04,)][eta: 3:21:14, time (data): 1.942 (0.062)]rfmnet: 2.0759e+00 l_total: 2.0759e+00 
2025-08-20 02:06:36,486 INFO: [smal..][epoch: 17, iter:  16,600, lr:(1.859e-04,1.098e-04,)][eta: 3:16:03, time (data): 2.582 (0.077)]rfmnet: 1.8957e+00 l_total: 1.8957e+00 
2025-08-20 02:10:24,354 INFO: [smal..][epoch: 17, iter:  16,700, lr:(1.859e-04,1.098e-04,)][eta: 3:10:42, time (data): 1.817 (0.076)]rfmnet: 3.6443e+00 l_total: 3.6443e+00 
2025-08-20 02:14:39,681 INFO: [smal..][epoch: 17, iter:  16,800, lr:(1.859e-04,1.098e-04,)][eta: 3:05:29, time (data): 2.446 (0.071)]rfmnet: 3.6427e+00 l_total: 3.6427e+00 
2025-08-20 02:18:34,755 INFO: [smal..][epoch: 17, iter:  16,900, lr:(1.859e-04,1.098e-04,)][eta: 3:00:12, time (data): 1.711 (0.061)]rfmnet: 2.2761e+00 l_total: 2.2761e+00 
2025-08-20 02:22:41,454 INFO: [smal..][epoch: 17, iter:  17,000, lr:(1.859e-04,1.098e-04,)][eta: 2:54:59, time (data): 2.363 (0.073)]rfmnet: 1.8785e+00 l_total: 1.8785e+00 
2025-08-20 02:22:41,454 INFO: Saving models and training states.
2025-08-20 02:22:41,528 INFO: Start validation.
2025-08-20 02:35:50,636 INFO: Avg time: 2.4516
2025-08-20 02:35:50,776 INFO: Val auc: 0.7392
2025-08-20 02:35:50,779 INFO: Val avg error: 0.0266
2025-08-20 02:35:50,789 INFO: Best model is updated, average geodesic error: 0.0266
2025-08-20 02:40:03,447 INFO: [smal..][epoch: 17, iter:  17,100, lr:(1.859e-04,1.098e-04,)][eta: 2:52:23, time (data): 2.593 (0.083)]rfmnet: 2.8286e+00 l_total: 2.8286e+00 
2025-08-20 02:44:46,039 INFO: [smal..][epoch: 17, iter:  17,200, lr:(1.859e-04,1.098e-04,)][eta: 2:47:13, time (data): 2.795 (0.082)]rfmnet: 2.3970e+00 l_total: 2.3970e+00 
2025-08-20 02:48:53,478 INFO: [smal..][epoch: 17, iter:  17,300, lr:(1.859e-04,1.098e-04,)][eta: 2:41:56, time (data): 3.073 (0.080)]rfmnet: 2.9142e+00 l_total: 2.9142e+00 
2025-08-20 02:53:16,182 INFO: [smal..][epoch: 17, iter:  17,400, lr:(1.859e-04,1.098e-04,)][eta: 2:36:43, time (data): 2.682 (0.077)]rfmnet: 2.4714e+00 l_total: 2.4714e+00 
2025-08-20 02:56:48,850 INFO: [smal..][epoch: 18, iter:  17,500, lr:(1.490e-04,1.389e-04,)][eta: 2:31:22, time (data): 1.963 (0.066)]rfmnet: 2.9395e+00 l_total: 2.9395e+00 
2025-08-20 03:00:57,992 INFO: [smal..][epoch: 18, iter:  17,600, lr:(1.490e-04,1.389e-04,)][eta: 2:26:08, time (data): 2.431 (0.072)]rfmnet: 2.6491e+00 l_total: 2.6491e+00 
2025-08-20 03:04:30,696 INFO: [smal..][epoch: 18, iter:  17,700, lr:(1.490e-04,1.389e-04,)][eta: 2:20:49, time (data): 1.869 (0.049)]rfmnet: 2.4117e+00 l_total: 2.4117e+00 
2025-08-20 03:08:39,661 INFO: [smal..][epoch: 18, iter:  17,800, lr:(1.490e-04,1.389e-04,)][eta: 2:15:36, time (data): 2.423 (0.073)]rfmnet: 3.4431e+00 l_total: 3.4431e+00 
2025-08-20 03:12:34,632 INFO: [smal..][epoch: 18, iter:  17,900, lr:(1.490e-04,1.389e-04,)][eta: 2:10:23, time (data): 2.472 (0.073)]rfmnet: 2.0122e+00 l_total: 2.0122e+00 
2025-08-20 03:15:48,356 INFO: [smal..][epoch: 18, iter:  18,000, lr:(1.490e-04,1.389e-04,)][eta: 2:05:04, time (data): 1.990 (0.066)]rfmnet: 2.0424e+00 l_total: 2.0424e+00 
2025-08-20 03:15:48,357 INFO: Saving models and training states.
2025-08-20 03:15:48,436 INFO: Start validation.
2025-08-20 03:28:32,639 INFO: Avg time: 2.1143
2025-08-20 03:28:32,967 INFO: Val auc: 0.7358
2025-08-20 03:28:32,970 INFO: Val avg error: 0.0269
2025-08-20 03:31:49,659 INFO: [smal..][epoch: 18, iter:  18,100, lr:(1.490e-04,1.389e-04,)][eta: 2:01:28, time (data): 1.793 (0.077)]rfmnet: 2.6804e+00 l_total: 2.6804e+00 
2025-08-20 03:35:44,663 INFO: [smal..][epoch: 18, iter:  18,200, lr:(1.490e-04,1.389e-04,)][eta: 1:56:13, time (data): 2.299 (0.080)]rfmnet: 1.8543e+00 l_total: 1.8543e+00 
2025-08-20 03:39:00,499 INFO: [smal..][epoch: 18, iter:  18,300, lr:(1.490e-04,1.389e-04,)][eta: 1:50:54, time (data): 2.206 (0.089)]rfmnet: 3.3312e+00 l_total: 3.3312e+00 
2025-08-20 03:43:17,442 INFO: [smal..][epoch: 18, iter:  18,400, lr:(1.490e-04,1.389e-04,)][eta: 1:45:43, time (data): 2.539 (0.085)]rfmnet: 1.8269e+00 l_total: 1.8269e+00 
2025-08-20 03:45:59,747 INFO: [smal..][epoch: 19, iter:  18,500, lr:(1.220e-04,1.859e-04,)][eta: 1:40:22, time (data): 1.922 (0.066)]rfmnet: 1.7840e+00 l_total: 1.7840e+00 
2025-08-20 03:49:05,102 INFO: [smal..][epoch: 19, iter:  18,600, lr:(1.220e-04,1.859e-04,)][eta: 1:35:06, time (data): 1.859 (0.062)]rfmnet: 2.7168e+00 l_total: 2.7168e+00 
2025-08-20 03:53:03,688 INFO: [smal..][epoch: 19, iter:  18,700, lr:(1.220e-04,1.859e-04,)][eta: 1:29:56, time (data): 2.363 (0.070)]rfmnet: 2.2862e+00 l_total: 2.2862e+00 
2025-08-20 03:56:30,021 INFO: [smal..][epoch: 19, iter:  18,800, lr:(1.220e-04,1.859e-04,)][eta: 1:24:44, time (data): 2.083 (0.067)]rfmnet: 2.1225e+00 l_total: 2.1225e+00 
2025-08-20 04:00:45,949 INFO: [smal..][epoch: 19, iter:  18,900, lr:(1.220e-04,1.859e-04,)][eta: 1:19:37, time (data): 2.549 (0.095)]rfmnet: 2.2943e+00 l_total: 2.2943e+00 
2025-08-20 04:04:22,811 INFO: [smal..][epoch: 19, iter:  19,000, lr:(1.220e-04,1.859e-04,)][eta: 1:14:28, time (data): 2.190 (0.067)]rfmnet: 2.1342e+00 l_total: 2.1342e+00 
2025-08-20 04:04:22,812 INFO: Saving models and training states.
2025-08-20 04:04:22,833 INFO: Start validation.
2025-08-20 04:17:38,957 INFO: Avg time: 2.3496
2025-08-20 04:17:39,227 INFO: Val auc: 0.7379
2025-08-20 04:17:39,239 INFO: Val avg error: 0.0267
2025-08-20 04:22:15,730 INFO: [smal..][epoch: 19, iter:  19,100, lr:(1.220e-04,1.859e-04,)][eta: 1:10:22, time (data): 2.872 (0.076)]rfmnet: 2.5672e+00 l_total: 2.5672e+00 
2025-08-20 04:26:40,453 INFO: [smal..][epoch: 19, iter:  19,200, lr:(1.220e-04,1.859e-04,)][eta: 1:05:13, time (data): 2.658 (0.074)]rfmnet: 2.3688e+00 l_total: 2.3688e+00 
2025-08-20 04:30:50,989 INFO: [smal..][epoch: 19, iter:  19,300, lr:(1.220e-04,1.859e-04,)][eta: 1:00:03, time (data): 2.226 (0.051)]rfmnet: 2.1335e+00 l_total: 2.1335e+00 
2025-08-20 04:34:43,277 INFO: [smal..][epoch: 19, iter:  19,400, lr:(1.220e-04,1.859e-04,)][eta: 0:54:54, time (data): 2.319 (0.066)]rfmnet: 3.0699e+00 l_total: 3.0699e+00 
2025-08-20 04:39:04,959 INFO: [smal..][epoch: 20, iter:  19,500, lr:(1.055e-04,2.489e-04,)][eta: 0:49:46, time (data): 2.570 (0.058)]rfmnet: 1.4277e+00 l_total: 1.4277e+00 
2025-08-20 04:42:38,133 INFO: [smal..][epoch: 20, iter:  19,600, lr:(1.055e-04,2.489e-04,)][eta: 0:44:37, time (data): 2.144 (0.062)]rfmnet: 1.8009e+00 l_total: 1.8009e+00 
2025-08-20 04:46:55,760 INFO: [smal..][epoch: 20, iter:  19,700, lr:(1.055e-04,2.489e-04,)][eta: 0:39:30, time (data): 3.459 (0.129)]rfmnet: 2.1602e+00 l_total: 2.1602e+00 
2025-08-20 04:50:04,303 INFO: [smal..][epoch: 20, iter:  19,800, lr:(1.055e-04,2.489e-04,)][eta: 0:34:22, time (data): 1.916 (0.066)]rfmnet: 1.6924e+00 l_total: 1.6924e+00 
2025-08-20 04:54:17,758 INFO: [smal..][epoch: 20, iter:  19,900, lr:(1.055e-04,2.489e-04,)][eta: 0:29:17, time (data): 2.380 (0.041)]rfmnet: 2.8366e+00 l_total: 2.8366e+00 
2025-08-20 04:58:58,811 INFO: [smal..][epoch: 20, iter:  20,000, lr:(1.055e-04,2.489e-04,)][eta: 0:24:13, time (data): 2.806 (0.075)]rfmnet: 1.9676e+00 l_total: 1.9676e+00 
2025-08-20 04:58:58,812 INFO: Saving models and training states.
2025-08-20 04:58:58,834 INFO: Start validation.
2025-08-20 05:11:52,776 INFO: Avg time: 2.1906
2025-08-20 05:11:52,888 INFO: Val auc: 0.7359
2025-08-20 05:11:52,890 INFO: Val avg error: 0.0269
2025-08-20 05:16:18,757 INFO: [smal..][epoch: 20, iter:  20,100, lr:(1.055e-04,2.489e-04,)][eta: 0:19:23, time (data): 2.732 (0.076)]rfmnet: 1.8045e+00 l_total: 1.8045e+00 
2025-08-20 05:19:45,294 INFO: [smal..][epoch: 20, iter:  20,200, lr:(1.055e-04,2.489e-04,)][eta: 0:14:15, time (data): 2.065 (0.067)]rfmnet: 1.3965e+00 l_total: 1.3965e+00 
2025-08-20 05:24:31,426 INFO: [smal..][epoch: 20, iter:  20,300, lr:(1.055e-04,2.489e-04,)][eta: 0:09:08, time (data): 2.463 (0.076)]rfmnet: 1.9845e+00 l_total: 1.9845e+00 
2025-08-20 05:28:32,770 INFO: [smal..][epoch: 20, iter:  20,400, lr:(1.055e-04,2.489e-04,)][eta: 0:04:01, time (data): 2.413 (0.073)]rfmnet: 1.5966e+00 l_total: 1.5966e+00 
2025-08-20 05:32:20,172 INFO: End of training. Time consumed: 17:24:49
2025-08-20 05:32:20,173 INFO: Last Validation.
2025-08-20 05:43:18,452 INFO: Avg time: 2.0034
2025-08-20 05:43:18,670 INFO: Val auc: 0.7370
2025-08-20 05:43:18,674 INFO: Val avg error: 0.0268
2025-08-20 05:43:18,802 INFO: Save the best model.
