2025-08-19 12:07:19,038 INFO: 
Version Information: 
	Python: 3.8.20
	PyTorch: 2.0.0+cu118
	TorchVision: 0.15.0+cu118
2025-08-19 12:07:19,038 INFO: 
  name: scape
  backend: dp
  type: SpatialLearningBasisModel
  num_gpu: 1
  gpu_idx: 5
  manual_seed: 1234
  non-isometric: False
  partial: False
  save_filter: True
  path:[
    resume_state: None
    experiments_root: /mnt/zj-gpfs/home/luofeifan/shape_correspondence/LearnableBasisFMaps_main/experiments/scape
    models: /mnt/zj-gpfs/home/luofeifan/shape_correspondence/LearnableBasisFMaps_main/experiments/scape/models
    log: /mnt/zj-gpfs/home/luofeifan/shape_correspondence/LearnableBasisFMaps_main/experiments/scape/log
  ]
  datasets:[
    train_dataset:[
      name: ScapeTrain
      type: PairScapeDataset
      phase: train
      data_root: ../data/SCAPE_r
      return_evecs: True
      return_faces: True
      num_evecs: 200
      return_corr: False
      return_dist: False
    ]
    test_dataset:[
      name: Shrec19Val
      type: PairShrec19Dataset
      phase: test
      data_root: ../data/SHREC19_r
      return_evecs: True
      return_faces: True
      num_evecs: 200
      return_dist: True
    ]
    batch_size: 1
    num_worker: 16
  ]
  networks:[
    feature_extractor:[
      type: DiffusionNet
      in_channels: 16
      out_channels: 128
      cache_dir: ../data/SCAPE_r/diffusion
      input_type: hks
    ]
    permutation:[
      type: Similarity
      tau: 0.07
    ]
    basisconv:[
      type: EigenBasis_Fliters
    ]
  ]
  train:[
    total_epochs: 10
    optims:[
      feature_extractor:[
        type: Adam
        lr: 0.001
      ]
      basisconv:[
        type: Adam
        lr: 0.001
      ]
    ]
    schedulers:[
      feature_extractor:[
        type: CosineAnnealingLR
        eta_min: 0.0001
        T_max: 30
      ]
      basisconv:[
        type: CosineAnnealingLR
        eta_min: 0.0001
        T_max: 30
      ]
    ]
    losses:[
      rfmnet_loss:[
        type: RfmnetLoss
        loss_weight: 1.0
      ]
    ]
  ]
  val:[
    val_freq: 2000
    metrics:[
      geo_error:[
        type: calculate_geodesic_error
      ]
      plot_pck:[
        type: plot_pck
      ]
    ]
  ]
  logger:[
    print_freq: 100
    save_checkpoint_freq: 2000
  ]
  is_train: True
  dist: False
  rank: 0
  world_size: 1
  root_path: /mnt/zj-gpfs/home/luofeifan/shape_correspondence/LearnableBasisFMaps_main

2025-08-19 12:07:19,141 INFO: Dataset [PairScapeDataset]-[ScapeTrain] is built.
2025-08-19 12:07:19,143 INFO: Dataset [PairShrec19Dataset]-[Shrec19Val] is built.
2025-08-19 12:07:19,143 INFO: Training statistics:
	Number of train images: 2601
	Dataset enlarge ratio: 1
	Batch size: 1
	World size (gpu number): 1
	Require iter number per epoch: 2601
	Total epochs: 10; iters: 26010.
2025-08-19 12:07:19,143 INFO: Validation statistics:
	Number of val images: 407
2025-08-19 12:07:19,150 INFO: Network [DiffusionNet] is created.
2025-08-19 12:07:19,150 INFO: Network [Similarity] is created.
2025-08-19 12:07:19,150 INFO: Network [EigenBasis_Fliters] is created.
2025-08-19 12:07:19,601 INFO: Network: DiffusionNet, with parameters: 479,488
2025-08-19 12:07:19,601 INFO: Network: Similarity, with parameters: 0
2025-08-19 12:07:19,601 INFO: Network: EigenBasis_Fliters, with parameters: 200
2025-08-19 12:07:19,602 INFO: Metric [function] is created.
2025-08-19 12:07:19,602 INFO: Metric [function] is created.
2025-08-19 12:07:19,602 INFO: Network permutation has no param to optimize. Ignore it.
2025-08-19 12:07:19,603 INFO: Loss [RfmnetLoss] is created.
2025-08-19 12:07:19,607 INFO: Model [SpatialLearningBasisModel] is created.
2025-08-19 12:07:19,607 INFO: Start training from epoch: 0, iter: 0
2025-08-19 12:10:29,065 INFO: [scape..][epoch:  1, iter:     100, lr:(1.000e-03,1.000e-03,)][eta: 13:23:38, time (data): 1.895 (0.064)]rfmnet: 2.0998e+03 l_total: 2.0998e+03 
2025-08-19 12:13:46,036 INFO: [scape..][epoch:  1, iter:     200, lr:(1.000e-03,1.000e-03,)][eta: 13:43:47, time (data): 1.932 (0.059)]rfmnet: 1.8251e+03 l_total: 1.8251e+03 
2025-08-19 12:17:41,565 INFO: [scape..][epoch:  1, iter:     300, lr:(1.000e-03,1.000e-03,)][eta: 14:43:15, time (data): 2.374 (0.071)]rfmnet: 1.5913e+03 l_total: 1.5913e+03 
2025-08-19 12:21:11,698 INFO: [scape..][epoch:  1, iter:     400, lr:(1.000e-03,1.000e-03,)][eta: 14:44:04, time (data): 2.237 (0.069)]rfmnet: 1.4651e+03 l_total: 1.4651e+03 
2025-08-19 12:24:24,145 INFO: [scape..][epoch:  1, iter:     500, lr:(1.000e-03,1.000e-03,)][eta: 14:28:09, time (data): 1.926 (0.061)]rfmnet: 1.3274e+03 l_total: 1.3274e+03 
2025-08-19 12:28:43,250 INFO: [scape..][epoch:  1, iter:     600, lr:(1.000e-03,1.000e-03,)][eta: 15:03:26, time (data): 2.262 (0.065)]rfmnet: 1.1416e+03 l_total: 1.1416e+03 
2025-08-19 12:32:56,673 INFO: [scape..][epoch:  1, iter:     700, lr:(1.000e-03,1.000e-03,)][eta: 15:24:00, time (data): 2.544 (0.071)]rfmnet: 1.0142e+03 l_total: 1.0142e+03 
2025-08-19 12:37:05,045 INFO: [scape..][epoch:  1, iter:     800, lr:(1.000e-03,1.000e-03,)][eta: 15:35:44, time (data): 2.513 (0.070)]rfmnet: 8.6683e+02 l_total: 8.6683e+02 
2025-08-19 12:40:21,086 INFO: [scape..][epoch:  1, iter:     900, lr:(1.000e-03,1.000e-03,)][eta: 15:19:38, time (data): 1.908 (0.059)]rfmnet: 7.4743e+02 l_total: 7.4743e+02 
2025-08-19 12:44:53,776 INFO: [scape..][epoch:  1, iter:   1,000, lr:(1.000e-03,1.000e-03,)][eta: 15:38:00, time (data): 2.326 (0.067)]rfmnet: 6.5188e+02 l_total: 6.5188e+02 
2025-08-19 12:48:17,564 INFO: [scape..][epoch:  1, iter:   1,100, lr:(1.000e-03,1.000e-03,)][eta: 15:26:15, time (data): 2.024 (0.057)]rfmnet: 5.5241e+02 l_total: 5.5241e+02 
2025-08-19 12:52:04,988 INFO: [scape..][epoch:  1, iter:   1,200, lr:(1.000e-03,1.000e-03,)][eta: 15:24:01, time (data): 2.152 (0.063)]rfmnet: 5.2889e+02 l_total: 5.2889e+02 
2025-08-19 12:55:44,293 INFO: [scape..][epoch:  1, iter:   1,300, lr:(1.000e-03,1.000e-03,)][eta: 15:18:58, time (data): 2.190 (0.062)]rfmnet: 4.4070e+02 l_total: 4.4070e+02 
2025-08-19 12:58:41,305 INFO: [scape..][epoch:  1, iter:   1,400, lr:(1.000e-03,1.000e-03,)][eta: 15:01:44, time (data): 1.973 (0.061)]rfmnet: 3.8722e+02 l_total: 3.8722e+02 
2025-08-19 13:02:06,931 INFO: [scape..][epoch:  1, iter:   1,500, lr:(1.000e-03,1.000e-03,)][eta: 14:54:12, time (data): 2.097 (0.059)]rfmnet: 3.7779e+02 l_total: 3.7779e+02 
2025-08-19 13:06:07,432 INFO: [scape..][epoch:  1, iter:   1,600, lr:(1.000e-03,1.000e-03,)][eta: 14:56:02, time (data): 2.257 (0.063)]rfmnet: 3.0584e+02 l_total: 3.0584e+02 
2025-08-19 13:09:23,828 INFO: [scape..][epoch:  1, iter:   1,700, lr:(1.000e-03,1.000e-03,)][eta: 14:46:40, time (data): 1.984 (0.068)]rfmnet: 2.7761e+02 l_total: 2.7761e+02 
2025-08-19 13:13:12,634 INFO: [scape..][epoch:  1, iter:   1,800, lr:(1.000e-03,1.000e-03,)][eta: 14:45:16, time (data): 2.142 (0.066)]rfmnet: 2.5686e+02 l_total: 2.5686e+02 
2025-08-19 13:16:41,653 INFO: [scape..][epoch:  1, iter:   1,900, lr:(1.000e-03,1.000e-03,)][eta: 14:39:25, time (data): 2.002 (0.072)]rfmnet: 2.3875e+02 l_total: 2.3875e+02 
2025-08-19 13:20:05,384 INFO: [scape..][epoch:  1, iter:   2,000, lr:(1.000e-03,1.000e-03,)][eta: 14:32:44, time (data): 2.021 (0.067)]rfmnet: 2.0000e+02 l_total: 2.0000e+02 
2025-08-19 13:20:05,385 INFO: Saving models and training states.
2025-08-19 13:20:05,413 INFO: Start validation.
2025-08-19 13:34:10,100 INFO: Avg time: 2.4469
2025-08-19 13:34:10,295 INFO: Val auc: 0.5862
2025-08-19 13:34:10,299 INFO: Val avg error: 0.0960
2025-08-19 13:34:10,303 INFO: Best model is updated, average geodesic error: 0.0960
2025-08-19 13:37:50,169 INFO: [scape..][epoch:  1, iter:   2,100, lr:(1.000e-03,1.000e-03,)][eta: 17:09:41, time (data): 2.338 (0.069)]rfmnet: 1.8340e+02 l_total: 1.8340e+02 
2025-08-19 13:40:55,573 INFO: [scape..][epoch:  1, iter:   2,200, lr:(1.000e-03,1.000e-03,)][eta: 16:52:13, time (data): 2.083 (0.065)]rfmnet: 1.6815e+02 l_total: 1.6815e+02 
2025-08-19 13:43:40,073 INFO: [scape..][epoch:  1, iter:   2,300, lr:(1.000e-03,1.000e-03,)][eta: 16:32:25, time (data): 1.563 (0.056)]rfmnet: 1.6206e+02 l_total: 1.6206e+02 
2025-08-19 13:46:56,272 INFO: [scape..][epoch:  1, iter:   2,400, lr:(1.000e-03,1.000e-03,)][eta: 16:19:13, time (data): 1.774 (0.061)]rfmnet: 1.4001e+02 l_total: 1.4001e+02 
2025-08-19 13:50:12,552 INFO: [scape..][epoch:  1, iter:   2,500, lr:(1.000e-03,1.000e-03,)][eta: 16:06:50, time (data): 1.818 (0.058)]rfmnet: 1.2311e+02 l_total: 1.2311e+02 
2025-08-19 13:53:36,170 INFO: [scape..][epoch:  1, iter:   2,600, lr:(1.000e-03,1.000e-03,)][eta: 15:56:15, time (data): 1.934 (0.060)]rfmnet: 1.1726e+02 l_total: 1.1726e+02 
2025-08-19 13:57:13,644 INFO: [scape..][epoch:  2, iter:   2,700, lr:(9.975e-04,9.975e-04,)][eta: 15:48:12, time (data): 2.031 (0.057)]rfmnet: 1.0605e+02 l_total: 1.0605e+02 
2025-08-19 14:00:18,868 INFO: [scape..][epoch:  2, iter:   2,800, lr:(9.975e-04,9.975e-04,)][eta: 15:36:00, time (data): 1.935 (0.061)]rfmnet: 9.7393e+01 l_total: 9.7393e+01 
2025-08-19 14:04:06,667 INFO: [scape..][epoch:  2, iter:   2,900, lr:(9.975e-04,9.975e-04,)][eta: 15:30:05, time (data): 2.346 (0.069)]rfmnet: 8.3647e+01 l_total: 8.3647e+01 
2025-08-19 14:08:19,444 INFO: [scape..][epoch:  2, iter:   3,000, lr:(9.975e-04,9.975e-04,)][eta: 15:27:30, time (data): 2.444 (0.073)]rfmnet: 8.1158e+01 l_total: 8.1158e+01 
2025-08-19 14:12:41,429 INFO: [scape..][epoch:  2, iter:   3,100, lr:(9.975e-04,9.975e-04,)][eta: 15:25:57, time (data): 2.675 (0.083)]rfmnet: 7.5777e+01 l_total: 7.5777e+01 
2025-08-19 14:16:05,616 INFO: [scape..][epoch:  2, iter:   3,200, lr:(9.975e-04,9.975e-04,)][eta: 15:17:21, time (data): 2.333 (0.071)]rfmnet: 6.7963e+01 l_total: 6.7963e+01 
2025-08-19 14:19:48,950 INFO: [scape..][epoch:  2, iter:   3,300, lr:(9.975e-04,9.975e-04,)][eta: 15:11:16, time (data): 2.327 (0.068)]rfmnet: 6.1868e+01 l_total: 6.1868e+01 
2025-08-19 14:23:29,951 INFO: [scape..][epoch:  2, iter:   3,400, lr:(9.975e-04,9.975e-04,)][eta: 15:05:04, time (data): 2.264 (0.066)]rfmnet: 5.7060e+01 l_total: 5.7060e+01 
2025-08-19 14:26:34,731 INFO: [scape..][epoch:  2, iter:   3,500, lr:(9.975e-04,9.975e-04,)][eta: 14:55:08, time (data): 1.903 (0.060)]rfmnet: 4.9137e+01 l_total: 4.9137e+01 
2025-08-19 14:30:28,474 INFO: [scape..][epoch:  2, iter:   3,600, lr:(9.975e-04,9.975e-04,)][eta: 14:50:39, time (data): 2.140 (0.063)]rfmnet: 4.7831e+01 l_total: 4.7831e+01 
2025-08-19 14:33:35,780 INFO: [scape..][epoch:  2, iter:   3,700, lr:(9.975e-04,9.975e-04,)][eta: 14:41:32, time (data): 1.885 (0.056)]rfmnet: 4.2455e+01 l_total: 4.2455e+01 
2025-08-19 14:37:29,185 INFO: [scape..][epoch:  2, iter:   3,800, lr:(9.975e-04,9.975e-04,)][eta: 14:37:13, time (data): 2.132 (0.063)]rfmnet: 3.8963e+01 l_total: 3.8963e+01 
2025-08-19 14:41:32,561 INFO: [scape..][epoch:  2, iter:   3,900, lr:(9.975e-04,9.975e-04,)][eta: 14:33:52, time (data): 2.368 (0.070)]rfmnet: 3.1183e+01 l_total: 3.1183e+01 
2025-08-19 14:45:29,738 INFO: [scape..][epoch:  2, iter:   4,000, lr:(9.975e-04,9.975e-04,)][eta: 14:29:55, time (data): 2.370 (0.072)]rfmnet: 3.1463e+01 l_total: 3.1463e+01 
2025-08-19 14:45:29,739 INFO: Saving models and training states.
2025-08-19 14:45:29,777 INFO: Start validation.
2025-08-19 15:01:17,375 INFO: Avg time: 2.4598
2025-08-19 15:01:17,570 INFO: Val auc: 0.5623
2025-08-19 15:01:17,575 INFO: Val avg error: 0.1229
2025-08-19 15:04:35,635 INFO: [scape..][epoch:  2, iter:   4,100, lr:(9.975e-04,9.975e-04,)][eta: 15:46:53, time (data): 2.071 (0.073)]rfmnet: 2.8754e+01 l_total: 2.8754e+01 
2025-08-19 15:07:49,446 INFO: [scape..][epoch:  2, iter:   4,200, lr:(9.975e-04,9.975e-04,)][eta: 15:36:54, time (data): 1.997 (0.070)]rfmnet: 2.7788e+01 l_total: 2.7788e+01 
2025-08-19 15:10:59,599 INFO: [scape..][epoch:  2, iter:   4,300, lr:(9.975e-04,9.975e-04,)][eta: 15:26:55, time (data): 1.912 (0.059)]rfmnet: 2.5225e+01 l_total: 2.5225e+01 
2025-08-19 15:14:47,079 INFO: [scape..][epoch:  2, iter:   4,400, lr:(9.975e-04,9.975e-04,)][eta: 15:20:18, time (data): 2.115 (0.063)]rfmnet: 2.3649e+01 l_total: 2.3649e+01 
2025-08-19 15:18:32,286 INFO: [scape..][epoch:  2, iter:   4,500, lr:(9.975e-04,9.975e-04,)][eta: 15:13:37, time (data): 2.244 (0.067)]rfmnet: 2.4373e+01 l_total: 2.4373e+01 
2025-08-19 15:21:40,681 INFO: [scape..][epoch:  2, iter:   4,600, lr:(9.975e-04,9.975e-04,)][eta: 15:04:13, time (data): 2.042 (0.066)]rfmnet: 1.8866e+01 l_total: 1.8866e+01 
2025-08-19 15:25:11,345 INFO: [scape..][epoch:  2, iter:   4,700, lr:(9.975e-04,9.975e-04,)][eta: 14:56:46, time (data): 2.029 (0.063)]rfmnet: 1.7757e+01 l_total: 1.7757e+01 
2025-08-19 15:27:30,668 INFO: [scape..][epoch:  2, iter:   4,800, lr:(9.975e-04,9.975e-04,)][eta: 14:44:13, time (data): 1.670 (0.057)]rfmnet: 1.6265e+01 l_total: 1.6265e+01 
2025-08-19 15:30:09,843 INFO: [scape..][epoch:  2, iter:   4,900, lr:(9.975e-04,9.975e-04,)][eta: 14:33:31, time (data): 1.547 (0.056)]rfmnet: 1.5220e+01 l_total: 1.5220e+01 
2025-08-19 15:34:00,146 INFO: [scape..][epoch:  2, iter:   5,000, lr:(9.975e-04,9.975e-04,)][eta: 14:28:07, time (data): 1.977 (0.067)]rfmnet: 1.4217e+01 l_total: 1.4217e+01 
2025-08-19 15:37:37,544 INFO: [scape..][epoch:  2, iter:   5,100, lr:(9.975e-04,9.975e-04,)][eta: 14:21:54, time (data): 2.150 (0.063)]rfmnet: 1.2296e+01 l_total: 1.2296e+01 
2025-08-19 15:40:47,431 INFO: [scape..][epoch:  2, iter:   5,200, lr:(9.975e-04,9.975e-04,)][eta: 14:13:57, time (data): 2.007 (0.062)]rfmnet: 1.2303e+01 l_total: 1.2303e+01 
2025-08-19 15:44:46,778 INFO: [scape..][epoch:  3, iter:   5,300, lr:(9.902e-04,9.902e-04,)][eta: 14:09:24, time (data): 2.358 (0.072)]rfmnet: 1.0665e+01 l_total: 1.0665e+01 
2025-08-19 15:49:05,732 INFO: [scape..][epoch:  3, iter:   5,400, lr:(9.902e-04,9.902e-04,)][eta: 14:06:07, time (data): 2.491 (0.072)]rfmnet: 9.5347e+00 l_total: 9.5347e+00 
2025-08-19 15:52:56,359 INFO: [scape..][epoch:  3, iter:   5,500, lr:(9.902e-04,9.902e-04,)][eta: 14:01:02, time (data): 2.412 (0.071)]rfmnet: 9.1365e+00 l_total: 9.1365e+00 
2025-08-19 15:56:09,464 INFO: [scape..][epoch:  3, iter:   5,600, lr:(9.902e-04,9.902e-04,)][eta: 13:53:43, time (data): 2.134 (0.067)]rfmnet: 8.7029e+00 l_total: 8.7029e+00 
2025-08-19 15:59:51,368 INFO: [scape..][epoch:  3, iter:   5,700, lr:(9.902e-04,9.902e-04,)][eta: 13:48:15, time (data): 2.317 (0.073)]rfmnet: 8.2171e+00 l_total: 8.2171e+00 
2025-08-19 16:03:51,980 INFO: [scape..][epoch:  3, iter:   5,800, lr:(9.902e-04,9.902e-04,)][eta: 13:43:56, time (data): 2.369 (0.070)]rfmnet: 7.4129e+00 l_total: 7.4129e+00 
2025-08-19 16:07:05,246 INFO: [scape..][epoch:  3, iter:   5,900, lr:(9.902e-04,9.902e-04,)][eta: 13:36:57, time (data): 1.831 (0.064)]rfmnet: 7.3826e+00 l_total: 7.3826e+00 
2025-08-19 16:11:09,232 INFO: [scape..][epoch:  3, iter:   6,000, lr:(9.902e-04,9.902e-04,)][eta: 13:32:54, time (data): 2.187 (0.072)]rfmnet: 6.3594e+00 l_total: 6.3594e+00 
2025-08-19 16:11:09,233 INFO: Saving models and training states.
2025-08-19 16:11:09,258 INFO: Start validation.
2025-08-19 16:27:36,836 INFO: Avg time: 2.4808
2025-08-19 16:27:37,106 INFO: Val auc: 0.5705
2025-08-19 16:27:37,106 INFO: Val avg error: 0.1054
2025-08-19 16:31:41,251 INFO: [scape..][epoch:  3, iter:   6,100, lr:(9.902e-04,9.902e-04,)][eta: 14:22:35, time (data): 2.407 (0.063)]rfmnet: 6.4372e+00 l_total: 6.4372e+00 
2025-08-19 16:35:21,542 INFO: [scape..][epoch:  3, iter:   6,200, lr:(9.902e-04,9.902e-04,)][eta: 14:16:08, time (data): 2.287 (0.063)]rfmnet: 6.0320e+00 l_total: 6.0320e+00 
2025-08-19 16:39:40,660 INFO: [scape..][epoch:  3, iter:   6,300, lr:(9.902e-04,9.902e-04,)][eta: 14:11:48, time (data): 2.571 (0.069)]rfmnet: 4.8862e+00 l_total: 4.8862e+00 
2025-08-19 16:43:10,039 INFO: [scape..][epoch:  3, iter:   6,400, lr:(9.902e-04,9.902e-04,)][eta: 14:04:56, time (data): 2.289 (0.066)]rfmnet: 4.9168e+00 l_total: 4.9168e+00 
2025-08-19 16:46:59,545 INFO: [scape..][epoch:  3, iter:   6,500, lr:(9.902e-04,9.902e-04,)][eta: 13:59:10, time (data): 2.564 (0.070)]rfmnet: 5.0404e+00 l_total: 5.0404e+00 
2025-08-19 16:50:42,444 INFO: [scape..][epoch:  3, iter:   6,600, lr:(9.902e-04,9.902e-04,)][eta: 13:53:09, time (data): 2.364 (0.067)]rfmnet: 4.8412e+00 l_total: 4.8412e+00 
2025-08-19 16:53:57,847 INFO: [scape..][epoch:  3, iter:   6,700, lr:(9.902e-04,9.902e-04,)][eta: 13:45:52, time (data): 2.051 (0.060)]rfmnet: 4.3475e+00 l_total: 4.3475e+00 
2025-08-19 16:58:04,041 INFO: [scape..][epoch:  3, iter:   6,800, lr:(9.902e-04,9.902e-04,)][eta: 13:41:06, time (data): 2.297 (0.066)]rfmnet: 4.3949e+00 l_total: 4.3949e+00 
2025-08-19 17:01:30,366 INFO: [scape..][epoch:  3, iter:   6,900, lr:(9.902e-04,9.902e-04,)][eta: 13:34:31, time (data): 2.037 (0.069)]rfmnet: 4.6213e+00 l_total: 4.6213e+00 
2025-08-19 17:05:21,585 INFO: [scape..][epoch:  3, iter:   7,000, lr:(9.902e-04,9.902e-04,)][eta: 13:29:08, time (data): 2.203 (0.069)]rfmnet: 3.9232e+00 l_total: 3.9232e+00 
2025-08-19 17:09:19,405 INFO: [scape..][epoch:  3, iter:   7,100, lr:(9.902e-04,9.902e-04,)][eta: 13:24:06, time (data): 2.127 (0.072)]rfmnet: 3.7118e+00 l_total: 3.7118e+00 
2025-08-19 17:12:16,096 INFO: [scape..][epoch:  3, iter:   7,200, lr:(9.902e-04,9.902e-04,)][eta: 13:16:26, time (data): 1.909 (0.063)]rfmnet: 3.6339e+00 l_total: 3.6339e+00 
2025-08-19 17:16:11,555 INFO: [scape..][epoch:  3, iter:   7,300, lr:(9.902e-04,9.902e-04,)][eta: 13:11:24, time (data): 2.515 (0.071)]rfmnet: 3.4156e+00 l_total: 3.4156e+00 
2025-08-19 17:19:37,909 INFO: [scape..][epoch:  3, iter:   7,400, lr:(9.902e-04,9.902e-04,)][eta: 13:05:11, time (data): 2.240 (0.067)]rfmnet: 3.3082e+00 l_total: 3.3082e+00 
2025-08-19 17:23:31,939 INFO: [scape..][epoch:  3, iter:   7,500, lr:(9.902e-04,9.902e-04,)][eta: 13:00:11, time (data): 2.608 (0.069)]rfmnet: 2.9242e+00 l_total: 2.9242e+00 
2025-08-19 17:27:29,872 INFO: [scape..][epoch:  3, iter:   7,600, lr:(9.902e-04,9.902e-04,)][eta: 12:55:22, time (data): 2.468 (0.073)]rfmnet: 2.8342e+00 l_total: 2.8342e+00 
2025-08-19 17:32:17,332 INFO: [scape..][epoch:  3, iter:   7,700, lr:(9.902e-04,9.902e-04,)][eta: 12:52:31, time (data): 2.837 (0.082)]rfmnet: 2.7305e+00 l_total: 2.7305e+00 
2025-08-19 17:35:59,130 INFO: [scape..][epoch:  3, iter:   7,800, lr:(9.902e-04,9.902e-04,)][eta: 12:47:05, time (data): 2.455 (0.077)]rfmnet: 2.7514e+00 l_total: 2.7514e+00 
2025-08-19 17:38:56,943 INFO: [scape..][epoch:  4, iter:   7,900, lr:(9.780e-04,9.780e-04,)][eta: 12:40:01, time (data): 1.886 (0.060)]rfmnet: 2.4831e+00 l_total: 2.4831e+00 
2025-08-19 17:42:42,410 INFO: [scape..][epoch:  4, iter:   8,000, lr:(9.780e-04,9.780e-04,)][eta: 12:34:49, time (data): 2.115 (0.063)]rfmnet: 2.5050e+00 l_total: 2.5050e+00 
2025-08-19 17:42:42,411 INFO: Saving models and training states.
2025-08-19 17:42:42,433 INFO: Start validation.
2025-08-19 17:58:12,657 INFO: Avg time: 2.7985
2025-08-19 17:58:13,144 INFO: Val auc: 0.5874
2025-08-19 17:58:13,147 INFO: Val avg error: 0.0953
2025-08-19 17:58:13,159 INFO: Best model is updated, average geodesic error: 0.0953
2025-08-19 18:02:15,966 INFO: [scape..][epoch:  4, iter:   8,100, lr:(9.780e-04,9.780e-04,)][eta: 13:04:36, time (data): 2.370 (0.068)]rfmnet: 2.2928e+00 l_total: 2.2928e+00 
2025-08-19 18:05:54,129 INFO: [scape..][epoch:  4, iter:   8,200, lr:(9.780e-04,9.780e-04,)][eta: 12:58:36, time (data): 2.252 (0.071)]rfmnet: 2.2605e+00 l_total: 2.2605e+00 
2025-08-19 18:09:16,333 INFO: [scape..][epoch:  4, iter:   8,300, lr:(9.780e-04,9.780e-04,)][eta: 12:52:06, time (data): 2.287 (0.069)]rfmnet: 2.1483e+00 l_total: 2.1483e+00 
2025-08-19 18:13:04,631 INFO: [scape..][epoch:  4, iter:   8,400, lr:(9.780e-04,9.780e-04,)][eta: 12:46:34, time (data): 2.285 (0.069)]rfmnet: 2.0319e+00 l_total: 2.0319e+00 
2025-08-19 18:16:21,049 INFO: [scape..][epoch:  4, iter:   8,500, lr:(9.780e-04,9.780e-04,)][eta: 12:40:00, time (data): 1.990 (0.061)]rfmnet: 2.0454e+00 l_total: 2.0454e+00 
2025-08-19 18:20:39,758 INFO: [scape..][epoch:  4, iter:   8,600, lr:(9.780e-04,9.780e-04,)][eta: 12:35:36, time (data): 2.368 (0.072)]rfmnet: 1.8342e+00 l_total: 1.8342e+00 
2025-08-19 18:23:53,574 INFO: [scape..][epoch:  4, iter:   8,700, lr:(9.780e-04,9.780e-04,)][eta: 12:29:03, time (data): 1.725 (0.060)]rfmnet: 1.6989e+00 l_total: 1.6989e+00 
2025-08-19 18:27:28,357 INFO: [scape..][epoch:  4, iter:   8,800, lr:(9.780e-04,9.780e-04,)][eta: 12:23:16, time (data): 1.994 (0.064)]rfmnet: 2.0492e+00 l_total: 2.0492e+00 
2025-08-19 18:31:17,469 INFO: [scape..][epoch:  4, iter:   8,900, lr:(9.780e-04,9.780e-04,)][eta: 12:17:59, time (data): 2.086 (0.068)]rfmnet: 1.5836e+00 l_total: 1.5836e+00 
2025-08-19 18:34:45,430 INFO: [scape..][epoch:  4, iter:   9,000, lr:(9.780e-04,9.780e-04,)][eta: 12:12:04, time (data): 2.082 (0.062)]rfmnet: 1.7464e+00 l_total: 1.7464e+00 
2025-08-19 18:39:08,479 INFO: [scape..][epoch:  4, iter:   9,100, lr:(9.780e-04,9.780e-04,)][eta: 12:07:55, time (data): 2.622 (0.077)]rfmnet: 1.6824e+00 l_total: 1.6824e+00 
2025-08-19 18:42:22,872 INFO: [scape..][epoch:  4, iter:   9,200, lr:(9.780e-04,9.780e-04,)][eta: 12:01:39, time (data): 2.185 (0.069)]rfmnet: 1.5486e+00 l_total: 1.5486e+00 
2025-08-19 18:45:30,478 INFO: [scape..][epoch:  4, iter:   9,300, lr:(9.780e-04,9.780e-04,)][eta: 11:55:16, time (data): 2.179 (0.071)]rfmnet: 1.4763e+00 l_total: 1.4763e+00 
2025-08-19 18:49:41,264 INFO: [scape..][epoch:  4, iter:   9,400, lr:(9.780e-04,9.780e-04,)][eta: 11:50:49, time (data): 2.393 (0.072)]rfmnet: 1.3846e+00 l_total: 1.3846e+00 
2025-08-19 18:53:03,669 INFO: [scape..][epoch:  4, iter:   9,500, lr:(9.780e-04,9.780e-04,)][eta: 11:44:57, time (data): 1.993 (0.065)]rfmnet: 1.2526e+00 l_total: 1.2526e+00 
2025-08-19 18:57:01,238 INFO: [scape..][epoch:  4, iter:   9,600, lr:(9.780e-04,9.780e-04,)][eta: 11:40:09, time (data): 2.243 (0.069)]rfmnet: 1.2225e+00 l_total: 1.2225e+00 
2025-08-19 18:59:41,623 INFO: [scape..][epoch:  4, iter:   9,700, lr:(9.780e-04,9.780e-04,)][eta: 11:33:12, time (data): 1.739 (0.059)]rfmnet: 1.3294e+00 l_total: 1.3294e+00 
2025-08-19 19:02:59,029 INFO: [scape..][epoch:  4, iter:   9,800, lr:(9.780e-04,9.780e-04,)][eta: 11:27:22, time (data): 1.893 (0.057)]rfmnet: 1.4047e+00 l_total: 1.4047e+00 
2025-08-19 19:07:02,054 INFO: [scape..][epoch:  4, iter:   9,900, lr:(9.780e-04,9.780e-04,)][eta: 11:22:49, time (data): 2.467 (0.074)]rfmnet: 1.2372e+00 l_total: 1.2372e+00 
2025-08-19 19:10:59,484 INFO: [scape..][epoch:  4, iter:  10,000, lr:(9.780e-04,9.780e-04,)][eta: 11:18:08, time (data): 2.405 (0.073)]rfmnet: 1.0884e+00 l_total: 1.0884e+00 
2025-08-19 19:10:59,485 INFO: Saving models and training states.
2025-08-19 19:10:59,510 INFO: Start validation.
2025-08-19 19:26:07,074 INFO: Avg time: 1.8847
2025-08-19 19:26:07,273 INFO: Val auc: 0.5732
2025-08-19 19:26:07,327 INFO: Val avg error: 0.1117
2025-08-19 19:29:20,531 INFO: [scape..][epoch:  4, iter:  10,100, lr:(9.780e-04,9.780e-04,)][eta: 11:36:07, time (data): 2.186 (0.071)]rfmnet: 9.6154e-01 l_total: 9.6154e-01 
2025-08-19 19:33:20,364 INFO: [scape..][epoch:  4, iter:  10,200, lr:(9.780e-04,9.780e-04,)][eta: 11:31:10, time (data): 2.327 (0.074)]rfmnet: 1.1950e+00 l_total: 1.1950e+00 
2025-08-19 19:36:05,339 INFO: [scape..][epoch:  4, iter:  10,300, lr:(9.780e-04,9.780e-04,)][eta: 11:24:19, time (data): 1.475 (0.058)]rfmnet: 9.8961e-01 l_total: 9.8961e-01 
2025-08-19 19:39:31,380 INFO: [scape..][epoch:  4, iter:  10,400, lr:(9.780e-04,9.780e-04,)][eta: 11:18:34, time (data): 1.868 (0.065)]rfmnet: 9.4760e-01 l_total: 9.4760e-01 
2025-08-19 19:43:02,929 INFO: [scape..][epoch:  5, iter:  10,500, lr:(9.611e-04,9.611e-04,)][eta: 11:13:01, time (data): 2.011 (0.056)]rfmnet: 8.8542e-01 l_total: 8.8542e-01 
2025-08-19 19:46:09,355 INFO: [scape..][epoch:  5, iter:  10,600, lr:(9.611e-04,9.611e-04,)][eta: 11:06:53, time (data): 1.912 (0.055)]rfmnet: 8.3589e-01 l_total: 8.3589e-01 
2025-08-19 19:50:23,524 INFO: [scape..][epoch:  5, iter:  10,700, lr:(9.611e-04,9.611e-04,)][eta: 11:02:25, time (data): 2.374 (0.077)]rfmnet: 7.9740e-01 l_total: 7.9740e-01 
2025-08-19 19:53:57,381 INFO: [scape..][epoch:  5, iter:  10,800, lr:(9.611e-04,9.611e-04,)][eta: 10:57:01, time (data): 2.214 (0.063)]rfmnet: 7.5215e-01 l_total: 7.5215e-01 
2025-08-19 19:57:40,564 INFO: [scape..][epoch:  5, iter:  10,900, lr:(9.611e-04,9.611e-04,)][eta: 10:51:52, time (data): 2.576 (0.069)]rfmnet: 6.9672e-01 l_total: 6.9672e-01 
2025-08-19 20:01:25,224 INFO: [scape..][epoch:  5, iter:  11,000, lr:(9.611e-04,9.611e-04,)][eta: 10:46:47, time (data): 2.350 (0.066)]rfmnet: 7.1928e-01 l_total: 7.1928e-01 
2025-08-19 20:04:49,623 INFO: [scape..][epoch:  5, iter:  11,100, lr:(9.611e-04,9.611e-04,)][eta: 10:41:15, time (data): 1.910 (0.058)]rfmnet: 7.4330e-01 l_total: 7.4330e-01 
2025-08-19 20:09:04,395 INFO: [scape..][epoch:  5, iter:  11,200, lr:(9.611e-04,9.611e-04,)][eta: 10:36:53, time (data): 2.350 (0.072)]rfmnet: 6.6155e-01 l_total: 6.6155e-01 
2025-08-19 20:12:38,363 INFO: [scape..][epoch:  5, iter:  11,300, lr:(9.611e-04,9.611e-04,)][eta: 10:31:38, time (data): 2.054 (0.065)]rfmnet: 6.5251e-01 l_total: 6.5251e-01 
2025-08-19 20:16:15,411 INFO: [scape..][epoch:  5, iter:  11,400, lr:(9.611e-04,9.611e-04,)][eta: 10:26:28, time (data): 2.135 (0.067)]rfmnet: 6.3957e-01 l_total: 6.3957e-01 
2025-08-19 20:20:22,533 INFO: [scape..][epoch:  5, iter:  11,500, lr:(9.611e-04,9.611e-04,)][eta: 10:21:58, time (data): 2.408 (0.065)]rfmnet: 6.9056e-01 l_total: 6.9056e-01 
2025-08-19 20:23:10,640 INFO: [scape..][epoch:  5, iter:  11,600, lr:(9.611e-04,9.611e-04,)][eta: 10:15:50, time (data): 1.900 (0.057)]rfmnet: 6.1009e-01 l_total: 6.1009e-01 
2025-08-19 20:27:03,900 INFO: [scape..][epoch:  5, iter:  11,700, lr:(9.611e-04,9.611e-04,)][eta: 10:11:05, time (data): 2.563 (0.068)]rfmnet: 5.3564e-01 l_total: 5.3564e-01 
2025-08-19 20:31:13,223 INFO: [scape..][epoch:  5, iter:  11,800, lr:(9.611e-04,9.611e-04,)][eta: 10:06:41, time (data): 2.514 (0.068)]rfmnet: 4.7604e-01 l_total: 4.7604e-01 
2025-08-19 20:34:49,438 INFO: [scape..][epoch:  5, iter:  11,900, lr:(9.611e-04,9.611e-04,)][eta: 10:01:37, time (data): 2.503 (0.063)]rfmnet: 4.9584e-01 l_total: 4.9584e-01 
2025-08-19 20:38:45,856 INFO: [scape..][epoch:  5, iter:  12,000, lr:(9.611e-04,9.611e-04,)][eta: 9:56:58, time (data): 2.405 (0.069)]rfmnet: 5.0896e-01 l_total: 5.0896e-01 
2025-08-19 20:38:45,858 INFO: Saving models and training states.
2025-08-19 20:38:45,941 INFO: Start validation.
2025-08-19 20:55:23,372 INFO: Avg time: 1.7629
2025-08-19 20:55:23,870 INFO: Val auc: 0.5929
2025-08-19 20:55:23,874 INFO: Val avg error: 0.0905
2025-08-19 20:55:23,877 INFO: Best model is updated, average geodesic error: 0.0905
2025-08-19 20:58:48,238 INFO: [scape..][epoch:  5, iter:  12,100, lr:(9.611e-04,9.611e-04,)][eta: 10:10:51, time (data): 2.009 (0.058)]rfmnet: 4.6473e-01 l_total: 4.6473e-01 
2025-08-19 21:02:59,340 INFO: [scape..][epoch:  5, iter:  12,200, lr:(9.611e-04,9.611e-04,)][eta: 10:06:13, time (data): 2.368 (0.063)]rfmnet: 4.4539e-01 l_total: 4.4539e-01 
2025-08-19 21:06:34,446 INFO: [scape..][epoch:  5, iter:  12,300, lr:(9.611e-04,9.611e-04,)][eta: 10:00:56, time (data): 2.057 (0.053)]rfmnet: 4.5833e-01 l_total: 4.5833e-01 
2025-08-19 21:10:11,115 INFO: [scape..][epoch:  5, iter:  12,400, lr:(9.611e-04,9.611e-04,)][eta: 9:55:42, time (data): 2.136 (0.061)]rfmnet: 4.1000e-01 l_total: 4.1000e-01 
2025-08-19 21:13:41,984 INFO: [scape..][epoch:  5, iter:  12,500, lr:(9.611e-04,9.611e-04,)][eta: 9:50:24, time (data): 1.868 (0.062)]rfmnet: 4.3723e-01 l_total: 4.3723e-01 
2025-08-19 21:17:00,776 INFO: [scape..][epoch:  5, iter:  12,600, lr:(9.611e-04,9.611e-04,)][eta: 9:44:54, time (data): 1.955 (0.060)]rfmnet: 4.1402e-01 l_total: 4.1402e-01 
2025-08-19 21:21:23,239 INFO: [scape..][epoch:  5, iter:  12,700, lr:(9.611e-04,9.611e-04,)][eta: 9:40:33, time (data): 2.843 (0.068)]rfmnet: 3.7074e-01 l_total: 3.7074e-01 
2025-08-19 21:24:40,895 INFO: [scape..][epoch:  5, iter:  12,800, lr:(9.611e-04,9.611e-04,)][eta: 9:35:05, time (data): 2.210 (0.064)]rfmnet: 3.8542e-01 l_total: 3.8542e-01 
2025-08-19 21:28:35,490 INFO: [scape..][epoch:  5, iter:  12,900, lr:(9.611e-04,9.611e-04,)][eta: 9:30:17, time (data): 2.584 (0.074)]rfmnet: 3.4793e-01 l_total: 3.4793e-01 
2025-08-19 21:32:31,857 INFO: [scape..][epoch:  5, iter:  13,000, lr:(9.611e-04,9.611e-04,)][eta: 9:25:31, time (data): 2.422 (0.072)]rfmnet: 3.4193e-01 l_total: 3.4193e-01 
2025-08-19 21:35:54,336 INFO: [scape..][epoch:  6, iter:  13,100, lr:(9.397e-04,9.397e-04,)][eta: 9:20:13, time (data): 2.119 (0.060)]rfmnet: 2.6296e-01 l_total: 2.6296e-01 
2025-08-19 21:40:09,967 INFO: [scape..][epoch:  6, iter:  13,200, lr:(9.397e-04,9.397e-04,)][eta: 9:15:48, time (data): 2.443 (0.068)]rfmnet: 2.5817e-01 l_total: 2.5817e-01 
2025-08-19 21:43:17,494 INFO: [scape..][epoch:  6, iter:  13,300, lr:(9.397e-04,9.397e-04,)][eta: 9:10:18, time (data): 1.787 (0.064)]rfmnet: 3.4313e-01 l_total: 3.4313e-01 
2025-08-19 21:47:07,239 INFO: [scape..][epoch:  6, iter:  13,400, lr:(9.397e-04,9.397e-04,)][eta: 9:05:30, time (data): 2.168 (0.064)]rfmnet: 2.9237e-01 l_total: 2.9237e-01 
2025-08-19 21:50:58,503 INFO: [scape..][epoch:  6, iter:  13,500, lr:(9.397e-04,9.397e-04,)][eta: 9:00:44, time (data): 2.272 (0.061)]rfmnet: 2.8719e-01 l_total: 2.8719e-01 
2025-08-19 21:54:17,419 INFO: [scape..][epoch:  6, iter:  13,600, lr:(9.397e-04,9.397e-04,)][eta: 8:55:29, time (data): 2.059 (0.064)]rfmnet: 2.5987e-01 l_total: 2.5987e-01 
2025-08-19 21:58:17,545 INFO: [scape..][epoch:  6, iter:  13,700, lr:(9.397e-04,9.397e-04,)][eta: 8:50:54, time (data): 2.342 (0.059)]rfmnet: 2.5652e-01 l_total: 2.5652e-01 
2025-08-19 22:01:28,962 INFO: [scape..][epoch:  6, iter:  13,800, lr:(9.397e-04,9.397e-04,)][eta: 8:45:35, time (data): 2.018 (0.064)]rfmnet: 2.8008e-01 l_total: 2.8008e-01 
2025-08-19 22:05:23,784 INFO: [scape..][epoch:  6, iter:  13,900, lr:(9.397e-04,9.397e-04,)][eta: 8:40:56, time (data): 2.455 (0.062)]rfmnet: 2.7763e-01 l_total: 2.7763e-01 
2025-08-19 22:09:11,941 INFO: [scape..][epoch:  6, iter:  14,000, lr:(9.397e-04,9.397e-04,)][eta: 8:36:13, time (data): 2.322 (0.067)]rfmnet: 2.4065e-01 l_total: 2.4065e-01 
2025-08-19 22:09:11,942 INFO: Saving models and training states.
2025-08-19 22:09:11,963 INFO: Start validation.
2025-08-19 22:25:02,046 INFO: Avg time: 1.9744
2025-08-19 22:25:02,240 INFO: Val auc: 0.5936
2025-08-19 22:25:02,243 INFO: Val avg error: 0.0848
2025-08-19 22:25:02,247 INFO: Best model is updated, average geodesic error: 0.0848
2025-08-19 22:28:52,769 INFO: [scape..][epoch:  6, iter:  14,100, lr:(9.397e-04,9.397e-04,)][eta: 8:44:54, time (data): 1.346 (0.056)]rfmnet: 2.6332e-01 l_total: 2.6332e-01 
2025-08-19 22:32:08,870 INFO: [scape..][epoch:  6, iter:  14,200, lr:(9.397e-04,9.397e-04,)][eta: 8:39:33, time (data): 1.819 (0.064)]rfmnet: 2.3370e-01 l_total: 2.3370e-01 
2025-08-19 22:35:54,385 INFO: [scape..][epoch:  6, iter:  14,300, lr:(9.397e-04,9.397e-04,)][eta: 8:34:37, time (data): 1.862 (0.059)]rfmnet: 2.1931e-01 l_total: 2.1931e-01 
2025-08-19 22:39:16,482 INFO: [scape..][epoch:  6, iter:  14,400, lr:(9.397e-04,9.397e-04,)][eta: 8:29:24, time (data): 1.985 (0.060)]rfmnet: 2.4011e-01 l_total: 2.4011e-01 
2025-08-19 22:43:25,840 INFO: [scape..][epoch:  6, iter:  14,500, lr:(9.397e-04,9.397e-04,)][eta: 8:24:50, time (data): 2.172 (0.062)]rfmnet: 1.8848e-01 l_total: 1.8848e-01 
2025-08-19 22:47:01,247 INFO: [scape..][epoch:  6, iter:  14,600, lr:(9.397e-04,9.397e-04,)][eta: 8:19:49, time (data): 2.158 (0.059)]rfmnet: 1.7996e-01 l_total: 1.7996e-01 
2025-08-19 22:50:54,098 INFO: [scape..][epoch:  6, iter:  14,700, lr:(9.397e-04,9.397e-04,)][eta: 8:15:03, time (data): 2.469 (0.076)]rfmnet: 1.7872e-01 l_total: 1.7872e-01 
2025-08-19 22:54:18,991 INFO: [scape..][epoch:  6, iter:  14,800, lr:(9.397e-04,9.397e-04,)][eta: 8:09:57, time (data): 2.138 (0.069)]rfmnet: 1.9794e-01 l_total: 1.9794e-01 
2025-08-19 22:57:18,834 INFO: [scape..][epoch:  6, iter:  14,900, lr:(9.397e-04,9.397e-04,)][eta: 8:04:33, time (data): 1.846 (0.051)]rfmnet: 1.3597e-01 l_total: 1.3597e-01 
2025-08-19 23:01:47,754 INFO: [scape..][epoch:  6, iter:  15,000, lr:(9.397e-04,9.397e-04,)][eta: 8:00:17, time (data): 2.515 (0.071)]rfmnet: 1.5566e-01 l_total: 1.5566e-01 
2025-08-19 23:05:13,640 INFO: [scape..][epoch:  6, iter:  15,100, lr:(9.397e-04,9.397e-04,)][eta: 7:55:15, time (data): 2.038 (0.062)]rfmnet: 1.5842e-01 l_total: 1.5842e-01 
2025-08-19 23:08:44,744 INFO: [scape..][epoch:  6, iter:  15,200, lr:(9.397e-04,9.397e-04,)][eta: 7:50:17, time (data): 2.096 (0.064)]rfmnet: 1.4510e-01 l_total: 1.4510e-01 
2025-08-19 23:12:28,730 INFO: [scape..][epoch:  6, iter:  15,300, lr:(9.397e-04,9.397e-04,)][eta: 7:45:30, time (data): 2.158 (0.068)]rfmnet: 1.4875e-01 l_total: 1.4875e-01 
2025-08-19 23:14:56,429 INFO: [scape..][epoch:  6, iter:  15,400, lr:(9.397e-04,9.397e-04,)][eta: 7:39:52, time (data): 1.609 (0.058)]rfmnet: 1.4446e-01 l_total: 1.4446e-01 
2025-08-19 23:18:20,150 INFO: [scape..][epoch:  6, iter:  15,500, lr:(9.397e-04,9.397e-04,)][eta: 7:34:53, time (data): 1.926 (0.064)]rfmnet: 1.2650e-01 l_total: 1.2650e-01 
2025-08-19 23:21:52,234 INFO: [scape..][epoch:  6, iter:  15,600, lr:(9.397e-04,9.397e-04,)][eta: 7:30:02, time (data): 2.084 (0.067)]rfmnet: 1.3451e-01 l_total: 1.3451e-01 
2025-08-19 23:25:20,408 INFO: [scape..][epoch:  7, iter:  15,700, lr:(9.141e-04,9.141e-04,)][eta: 7:25:09, time (data): 2.529 (0.075)]rfmnet: 1.2392e-01 l_total: 1.2392e-01 
2025-08-19 23:29:09,438 INFO: [scape..][epoch:  7, iter:  15,800, lr:(9.141e-04,9.141e-04,)][eta: 7:20:30, time (data): 2.333 (0.065)]rfmnet: 1.1761e-01 l_total: 1.1761e-01 
2025-08-19 23:32:01,249 INFO: [scape..][epoch:  7, iter:  15,900, lr:(9.141e-04,9.141e-04,)][eta: 7:15:16, time (data): 1.519 (0.056)]rfmnet: 1.1904e-01 l_total: 1.1904e-01 
2025-08-19 23:35:31,960 INFO: [scape..][epoch:  7, iter:  16,000, lr:(9.141e-04,9.141e-04,)][eta: 7:10:28, time (data): 2.005 (0.064)]rfmnet: 1.1436e-01 l_total: 1.1436e-01 
2025-08-19 23:35:31,962 INFO: Saving models and training states.
2025-08-19 23:35:31,986 INFO: Start validation.
2025-08-19 23:49:36,621 INFO: Avg time: 1.6049
2025-08-19 23:49:36,824 INFO: Val auc: 0.5677
2025-08-19 23:49:36,824 INFO: Val avg error: 0.1160
2025-08-19 23:52:33,406 INFO: [scape..][epoch:  7, iter:  16,100, lr:(9.141e-04,9.141e-04,)][eta: 7:14:00, time (data): 2.322 (0.072)]rfmnet: 1.1640e-01 l_total: 1.1640e-01 
2025-08-19 23:56:21,676 INFO: [scape..][epoch:  7, iter:  16,200, lr:(9.141e-04,9.141e-04,)][eta: 7:09:16, time (data): 2.289 (0.064)]rfmnet: 9.6541e-02 l_total: 9.6541e-02 
2025-08-20 00:00:09,434 INFO: [scape..][epoch:  7, iter:  16,300, lr:(9.141e-04,9.141e-04,)][eta: 7:04:33, time (data): 2.301 (0.064)]rfmnet: 9.9275e-02 l_total: 9.9275e-02 
2025-08-20 00:04:13,454 INFO: [scape..][epoch:  7, iter:  16,400, lr:(9.141e-04,9.141e-04,)][eta: 7:00:00, time (data): 2.418 (0.070)]rfmnet: 1.0603e-01 l_total: 1.0603e-01 
2025-08-20 00:08:31,463 INFO: [scape..][epoch:  7, iter:  16,500, lr:(9.141e-04,9.141e-04,)][eta: 6:55:35, time (data): 2.351 (0.080)]rfmnet: 1.0109e-01 l_total: 1.0109e-01 
2025-08-20 00:12:31,143 INFO: [scape..][epoch:  7, iter:  16,600, lr:(9.141e-04,9.141e-04,)][eta: 6:51:00, time (data): 2.390 (0.072)]rfmnet: 8.9616e-02 l_total: 8.9616e-02 
2025-08-20 00:15:01,344 INFO: [scape..][epoch:  7, iter:  16,700, lr:(9.141e-04,9.141e-04,)][eta: 6:45:35, time (data): 1.957 (0.053)]rfmnet: 8.7789e-02 l_total: 8.7789e-02 
2025-08-20 00:18:45,435 INFO: [scape..][epoch:  7, iter:  16,800, lr:(9.141e-04,9.141e-04,)][eta: 6:40:53, time (data): 2.200 (0.064)]rfmnet: 9.0051e-02 l_total: 9.0051e-02 
2025-08-20 00:22:56,716 INFO: [scape..][epoch:  7, iter:  16,900, lr:(9.141e-04,9.141e-04,)][eta: 6:36:27, time (data): 1.899 (0.060)]rfmnet: 8.0006e-02 l_total: 8.0006e-02 
2025-08-20 00:26:05,848 INFO: [scape..][epoch:  7, iter:  17,000, lr:(9.141e-04,9.141e-04,)][eta: 6:31:28, time (data): 1.892 (0.057)]rfmnet: 8.0329e-02 l_total: 8.0329e-02 
2025-08-20 00:30:01,365 INFO: [scape..][epoch:  7, iter:  17,100, lr:(9.141e-04,9.141e-04,)][eta: 6:26:54, time (data): 2.489 (0.075)]rfmnet: 8.0980e-02 l_total: 8.0980e-02 
2025-08-20 00:33:27,187 INFO: [scape..][epoch:  7, iter:  17,200, lr:(9.141e-04,9.141e-04,)][eta: 6:22:05, time (data): 2.114 (0.061)]rfmnet: 8.6846e-02 l_total: 8.6846e-02 
2025-08-20 00:37:17,410 INFO: [scape..][epoch:  7, iter:  17,300, lr:(9.141e-04,9.141e-04,)][eta: 6:17:30, time (data): 3.010 (0.080)]rfmnet: 7.6298e-02 l_total: 7.6298e-02 
2025-08-20 00:40:42,785 INFO: [scape..][epoch:  7, iter:  17,400, lr:(9.141e-04,9.141e-04,)][eta: 6:12:43, time (data): 2.171 (0.066)]rfmnet: 6.8488e-02 l_total: 6.8488e-02 
2025-08-20 00:43:54,690 INFO: [scape..][epoch:  7, iter:  17,500, lr:(9.141e-04,9.141e-04,)][eta: 6:07:50, time (data): 1.625 (0.088)]rfmnet: 6.7527e-02 l_total: 6.7527e-02 
2025-08-20 00:48:08,968 INFO: [scape..][epoch:  7, iter:  17,600, lr:(9.141e-04,9.141e-04,)][eta: 6:03:28, time (data): 2.437 (0.069)]rfmnet: 6.4877e-02 l_total: 6.4877e-02 
2025-08-20 00:51:22,458 INFO: [scape..][epoch:  7, iter:  17,700, lr:(9.141e-04,9.141e-04,)][eta: 5:58:38, time (data): 1.511 (0.055)]rfmnet: 6.1254e-02 l_total: 6.1254e-02 
2025-08-20 00:54:13,166 INFO: [scape..][epoch:  7, iter:  17,800, lr:(9.141e-04,9.141e-04,)][eta: 5:53:38, time (data): 1.686 (0.057)]rfmnet: 5.9939e-02 l_total: 5.9939e-02 
2025-08-20 00:58:19,846 INFO: [scape..][epoch:  7, iter:  17,900, lr:(9.141e-04,9.141e-04,)][eta: 5:49:14, time (data): 1.361 (0.054)]rfmnet: 5.3381e-02 l_total: 5.3381e-02 
2025-08-20 01:01:25,997 INFO: [scape..][epoch:  7, iter:  18,000, lr:(9.141e-04,9.141e-04,)][eta: 5:44:24, time (data): 1.812 (0.060)]rfmnet: 5.8068e-02 l_total: 5.8068e-02 
2025-08-20 01:01:25,998 INFO: Saving models and training states.
2025-08-20 01:01:26,018 INFO: Start validation.
2025-08-20 01:17:07,353 INFO: Avg time: 1.4796
2025-08-20 01:17:07,570 INFO: Val auc: 0.5844
2025-08-20 01:17:07,574 INFO: Val avg error: 0.1028
2025-08-20 01:20:31,554 INFO: [scape..][epoch:  7, iter:  18,100, lr:(9.141e-04,9.141e-04,)][eta: 5:46:34, time (data): 2.928 (0.061)]rfmnet: 5.7584e-02 l_total: 5.7584e-02 
2025-08-20 01:24:40,176 INFO: [scape..][epoch:  7, iter:  18,200, lr:(9.141e-04,9.141e-04,)][eta: 5:42:04, time (data): 2.526 (0.067)]rfmnet: 5.3220e-02 l_total: 5.3220e-02 
2025-08-20 01:28:11,873 INFO: [scape..][epoch:  8, iter:  18,300, lr:(8.844e-04,8.844e-04,)][eta: 5:37:20, time (data): 1.570 (0.059)]rfmnet: 5.2388e-02 l_total: 5.2388e-02 
2025-08-20 01:32:20,557 INFO: [scape..][epoch:  8, iter:  18,400, lr:(8.844e-04,8.844e-04,)][eta: 5:32:52, time (data): 2.411 (0.064)]rfmnet: 4.8081e-02 l_total: 4.8081e-02 
2025-08-20 01:36:25,277 INFO: [scape..][epoch:  8, iter:  18,500, lr:(8.844e-04,8.844e-04,)][eta: 5:28:22, time (data): 2.693 (0.066)]rfmnet: 4.8572e-02 l_total: 4.8572e-02 
2025-08-20 01:40:33,047 INFO: [scape..][epoch:  8, iter:  18,600, lr:(8.844e-04,8.844e-04,)][eta: 5:23:54, time (data): 2.494 (0.067)]rfmnet: 4.2786e-02 l_total: 4.2786e-02 
2025-08-20 01:45:09,565 INFO: [scape..][epoch:  8, iter:  18,700, lr:(8.844e-04,8.844e-04,)][eta: 5:19:37, time (data): 2.533 (0.071)]rfmnet: 4.1756e-02 l_total: 4.1756e-02 
2025-08-20 01:49:27,232 INFO: [scape..][epoch:  8, iter:  18,800, lr:(8.844e-04,8.844e-04,)][eta: 5:15:13, time (data): 2.574 (0.072)]rfmnet: 4.0912e-02 l_total: 4.0912e-02 
2025-08-20 01:52:35,724 INFO: [scape..][epoch:  8, iter:  18,900, lr:(8.844e-04,8.844e-04,)][eta: 5:10:23, time (data): 1.877 (0.054)]rfmnet: 4.2441e-02 l_total: 4.2441e-02 
2025-08-20 01:55:56,045 INFO: [scape..][epoch:  8, iter:  19,000, lr:(8.844e-04,8.844e-04,)][eta: 5:05:38, time (data): 1.996 (0.059)]rfmnet: 3.9588e-02 l_total: 3.9588e-02 
2025-08-20 01:59:17,673 INFO: [scape..][epoch:  8, iter:  19,100, lr:(8.844e-04,8.844e-04,)][eta: 5:00:55, time (data): 1.727 (0.066)]rfmnet: 4.4590e-02 l_total: 4.4590e-02 
2025-08-20 02:02:14,456 INFO: [scape..][epoch:  8, iter:  19,200, lr:(8.844e-04,8.844e-04,)][eta: 4:56:03, time (data): 1.766 (0.061)]rfmnet: 3.8052e-02 l_total: 3.8052e-02 
2025-08-20 02:06:13,136 INFO: [scape..][epoch:  8, iter:  19,300, lr:(8.844e-04,8.844e-04,)][eta: 4:51:35, time (data): 2.075 (0.052)]rfmnet: 3.6267e-02 l_total: 3.6267e-02 
2025-08-20 02:09:48,940 INFO: [scape..][epoch:  8, iter:  19,400, lr:(8.844e-04,8.844e-04,)][eta: 4:46:59, time (data): 2.155 (0.065)]rfmnet: 3.6652e-02 l_total: 3.6652e-02 
2025-08-20 02:13:04,865 INFO: [scape..][epoch:  8, iter:  19,500, lr:(8.844e-04,8.844e-04,)][eta: 4:42:17, time (data): 2.600 (0.066)]rfmnet: 3.2326e-02 l_total: 3.2326e-02 
2025-08-20 02:17:21,466 INFO: [scape..][epoch:  8, iter:  19,600, lr:(8.844e-04,8.844e-04,)][eta: 4:37:55, time (data): 2.567 (0.068)]rfmnet: 3.0268e-02 l_total: 3.0268e-02 
2025-08-20 02:20:34,985 INFO: [scape..][epoch:  8, iter:  19,700, lr:(8.844e-04,8.844e-04,)][eta: 4:33:14, time (data): 1.896 (0.038)]rfmnet: 2.8323e-02 l_total: 2.8323e-02 
2025-08-20 02:24:39,276 INFO: [scape..][epoch:  8, iter:  19,800, lr:(8.844e-04,8.844e-04,)][eta: 4:28:49, time (data): 2.432 (0.063)]rfmnet: 2.8131e-02 l_total: 2.8131e-02 
2025-08-20 02:28:39,738 INFO: [scape..][epoch:  8, iter:  19,900, lr:(8.844e-04,8.844e-04,)][eta: 4:24:23, time (data): 0.719 (0.035)]rfmnet: 2.8260e-02 l_total: 2.8260e-02 
2025-08-20 02:32:56,154 INFO: [scape..][epoch:  8, iter:  20,000, lr:(8.844e-04,8.844e-04,)][eta: 4:20:03, time (data): 2.546 (0.074)]rfmnet: 2.7426e-02 l_total: 2.7426e-02 
2025-08-20 02:32:56,155 INFO: Saving models and training states.
2025-08-20 02:32:56,242 INFO: Start validation.
2025-08-20 02:50:32,543 INFO: Avg time: 2.4978
2025-08-20 02:50:32,870 INFO: Val auc: 0.5479
2025-08-20 02:50:32,875 INFO: Val avg error: 0.1449
2025-08-20 02:54:16,115 INFO: [scape..][epoch:  8, iter:  20,100, lr:(8.844e-04,8.844e-04,)][eta: 4:20:43, time (data): 2.389 (0.069)]rfmnet: 2.4982e-02 l_total: 2.4982e-02 
2025-08-20 02:57:21,437 INFO: [scape..][epoch:  8, iter:  20,200, lr:(8.844e-04,8.844e-04,)][eta: 4:15:55, time (data): 1.853 (0.060)]rfmnet: 2.7571e-02 l_total: 2.7571e-02 
2025-08-20 03:01:04,975 INFO: [scape..][epoch:  8, iter:  20,300, lr:(8.844e-04,8.844e-04,)][eta: 4:11:19, time (data): 2.044 (0.064)]rfmnet: 2.4546e-02 l_total: 2.4546e-02 
2025-08-20 03:04:18,940 INFO: [scape..][epoch:  8, iter:  20,400, lr:(8.844e-04,8.844e-04,)][eta: 4:06:36, time (data): 1.956 (0.059)]rfmnet: 2.4547e-02 l_total: 2.4547e-02 
2025-08-20 03:08:08,253 INFO: [scape..][epoch:  8, iter:  20,500, lr:(8.844e-04,8.844e-04,)][eta: 4:02:03, time (data): 2.125 (0.063)]rfmnet: 2.1429e-02 l_total: 2.1429e-02 
2025-08-20 03:11:49,469 INFO: [scape..][epoch:  8, iter:  20,600, lr:(8.844e-04,8.844e-04,)][eta: 3:57:28, time (data): 2.235 (0.063)]rfmnet: 2.0990e-02 l_total: 2.0990e-02 
2025-08-20 03:14:52,655 INFO: [scape..][epoch:  8, iter:  20,700, lr:(8.844e-04,8.844e-04,)][eta: 3:52:44, time (data): 2.031 (0.057)]rfmnet: 2.2136e-02 l_total: 2.2136e-02 
2025-08-20 03:18:50,369 INFO: [scape..][epoch:  8, iter:  20,800, lr:(8.844e-04,8.844e-04,)][eta: 3:48:15, time (data): 2.387 (0.067)]rfmnet: 1.5722e-02 l_total: 1.5722e-02 
2025-08-20 03:22:37,283 INFO: [scape..][epoch:  9, iter:  20,900, lr:(8.511e-04,8.511e-04,)][eta: 3:43:43, time (data): 2.327 (0.076)]rfmnet: 2.1756e-02 l_total: 2.1756e-02 
2025-08-20 03:26:21,460 INFO: [scape..][epoch:  9, iter:  21,000, lr:(8.511e-04,8.511e-04,)][eta: 3:39:11, time (data): 2.222 (0.072)]rfmnet: 1.8861e-02 l_total: 1.8861e-02 
2025-08-20 03:29:50,994 INFO: [scape..][epoch:  9, iter:  21,100, lr:(8.511e-04,8.511e-04,)][eta: 3:34:36, time (data): 2.157 (0.068)]rfmnet: 1.8775e-02 l_total: 1.8775e-02 
2025-08-20 03:32:43,456 INFO: [scape..][epoch:  9, iter:  21,200, lr:(8.511e-04,8.511e-04,)][eta: 3:29:54, time (data): 1.724 (0.060)]rfmnet: 1.7540e-02 l_total: 1.7540e-02 
2025-08-20 03:36:23,868 INFO: [scape..][epoch:  9, iter:  21,300, lr:(8.511e-04,8.511e-04,)][eta: 3:25:23, time (data): 1.970 (0.064)]rfmnet: 1.9339e-02 l_total: 1.9339e-02 
2025-08-20 03:39:12,732 INFO: [scape..][epoch:  9, iter:  21,400, lr:(8.511e-04,8.511e-04,)][eta: 3:20:41, time (data): 1.691 (0.054)]rfmnet: 2.0315e-02 l_total: 2.0315e-02 
2025-08-20 03:43:20,747 INFO: [scape..][epoch:  9, iter:  21,500, lr:(8.511e-04,8.511e-04,)][eta: 3:16:17, time (data): 2.098 (0.062)]rfmnet: 1.2366e-02 l_total: 1.2366e-02 
2025-08-20 03:45:51,032 INFO: [scape..][epoch:  9, iter:  21,600, lr:(8.511e-04,8.511e-04,)][eta: 3:11:33, time (data): 1.387 (0.052)]rfmnet: 1.5435e-02 l_total: 1.5435e-02 
2025-08-20 03:48:37,561 INFO: [scape..][epoch:  9, iter:  21,700, lr:(8.511e-04,8.511e-04,)][eta: 3:06:54, time (data): 1.531 (0.053)]rfmnet: 1.4258e-02 l_total: 1.4258e-02 
2025-08-20 03:52:26,180 INFO: [scape..][epoch:  9, iter:  21,800, lr:(8.511e-04,8.511e-04,)][eta: 3:02:27, time (data): 2.254 (0.063)]rfmnet: 1.3593e-02 l_total: 1.3593e-02 
2025-08-20 03:55:38,665 INFO: [scape..][epoch:  9, iter:  21,900, lr:(8.511e-04,8.511e-04,)][eta: 2:57:54, time (data): 2.083 (0.063)]rfmnet: 1.4122e-02 l_total: 1.4122e-02 
2025-08-20 03:59:12,963 INFO: [scape..][epoch:  9, iter:  22,000, lr:(8.511e-04,8.511e-04,)][eta: 2:53:26, time (data): 2.199 (0.069)]rfmnet: 1.3352e-02 l_total: 1.3352e-02 
2025-08-20 03:59:12,964 INFO: Saving models and training states.
2025-08-20 03:59:12,991 INFO: Start validation.
2025-08-20 04:16:12,716 INFO: Avg time: 2.0906
2025-08-20 04:16:12,952 INFO: Val auc: 0.5565
2025-08-20 04:16:12,956 INFO: Val avg error: 0.1327
2025-08-20 04:20:32,039 INFO: [scape..][epoch:  9, iter:  22,100, lr:(8.511e-04,8.511e-04,)][eta: 2:52:07, time (data): 2.403 (0.069)]rfmnet: 1.2443e-02 l_total: 1.2443e-02 
2025-08-20 04:24:25,116 INFO: [scape..][epoch:  9, iter:  22,200, lr:(8.511e-04,8.511e-04,)][eta: 2:47:38, time (data): 2.290 (0.064)]rfmnet: 1.2878e-02 l_total: 1.2878e-02 
2025-08-20 04:28:35,709 INFO: [scape..][epoch:  9, iter:  22,300, lr:(8.511e-04,8.511e-04,)][eta: 2:43:11, time (data): 2.403 (0.068)]rfmnet: 1.2071e-02 l_total: 1.2071e-02 
2025-08-20 04:31:58,508 INFO: [scape..][epoch:  9, iter:  22,400, lr:(8.511e-04,8.511e-04,)][eta: 2:38:37, time (data): 2.010 (0.059)]rfmnet: 1.1317e-02 l_total: 1.1317e-02 
2025-08-20 04:35:45,976 INFO: [scape..][epoch:  9, iter:  22,500, lr:(8.511e-04,8.511e-04,)][eta: 2:34:08, time (data): 2.150 (0.060)]rfmnet: 1.2368e-02 l_total: 1.2368e-02 
2025-08-20 04:39:40,131 INFO: [scape..][epoch:  9, iter:  22,600, lr:(8.511e-04,8.511e-04,)][eta: 2:29:40, time (data): 2.361 (0.071)]rfmnet: 1.0801e-02 l_total: 1.0801e-02 
2025-08-20 04:42:42,764 INFO: [scape..][epoch:  9, iter:  22,700, lr:(8.511e-04,8.511e-04,)][eta: 2:25:05, time (data): 2.077 (0.067)]rfmnet: 1.0650e-02 l_total: 1.0650e-02 
2025-08-20 04:46:45,204 INFO: [scape..][epoch:  9, iter:  22,800, lr:(8.511e-04,8.511e-04,)][eta: 2:20:39, time (data): 2.511 (0.072)]rfmnet: 1.0126e-02 l_total: 1.0126e-02 
2025-08-20 04:49:46,535 INFO: [scape..][epoch:  9, iter:  22,900, lr:(8.511e-04,8.511e-04,)][eta: 2:16:05, time (data): 2.138 (0.066)]rfmnet: 9.8491e-03 l_total: 9.8491e-03 
2025-08-20 04:53:30,674 INFO: [scape..][epoch:  9, iter:  23,000, lr:(8.511e-04,8.511e-04,)][eta: 2:11:37, time (data): 2.349 (0.068)]rfmnet: 9.4695e-03 l_total: 9.4695e-03 
2025-08-20 04:57:58,672 INFO: [scape..][epoch:  9, iter:  23,100, lr:(8.511e-04,8.511e-04,)][eta: 2:07:15, time (data): 2.527 (0.068)]rfmnet: 8.7467e-03 l_total: 8.7467e-03 
2025-08-20 05:02:33,350 INFO: [scape..][epoch:  9, iter:  23,200, lr:(8.511e-04,8.511e-04,)][eta: 2:02:54, time (data): 2.735 (0.072)]rfmnet: 8.2842e-03 l_total: 8.2842e-03 
2025-08-20 05:06:44,676 INFO: [scape..][epoch:  9, iter:  23,300, lr:(8.511e-04,8.511e-04,)][eta: 1:58:30, time (data): 2.615 (0.070)]rfmnet: 8.4157e-03 l_total: 8.4157e-03 
2025-08-20 05:10:23,557 INFO: [scape..][epoch:  9, iter:  23,400, lr:(8.511e-04,8.511e-04,)][eta: 1:54:03, time (data): 2.228 (0.065)]rfmnet: 7.7942e-03 l_total: 7.7942e-03 
2025-08-20 05:14:45,806 INFO: [scape..][epoch: 10, iter:  23,500, lr:(8.145e-04,8.145e-04,)][eta: 1:49:41, time (data): 2.442 (0.079)]rfmnet: 8.2721e-03 l_total: 8.2721e-03 
2025-08-20 05:18:08,964 INFO: [scape..][epoch: 10, iter:  23,600, lr:(8.145e-04,8.145e-04,)][eta: 1:45:12, time (data): 1.946 (0.059)]rfmnet: 8.6534e-03 l_total: 8.6534e-03 
2025-08-20 05:22:06,208 INFO: [scape..][epoch: 10, iter:  23,700, lr:(8.145e-04,8.145e-04,)][eta: 1:40:48, time (data): 2.179 (0.061)]rfmnet: 7.0460e-03 l_total: 7.0460e-03 
2025-08-20 05:26:12,365 INFO: [scape..][epoch: 10, iter:  23,800, lr:(8.145e-04,8.145e-04,)][eta: 1:36:25, time (data): 2.462 (0.063)]rfmnet: 7.1216e-03 l_total: 7.1216e-03 
2025-08-20 05:30:12,939 INFO: [scape..][epoch: 10, iter:  23,900, lr:(8.145e-04,8.145e-04,)][eta: 1:32:01, time (data): 2.431 (0.067)]rfmnet: 7.5758e-03 l_total: 7.5758e-03 
2025-08-20 05:33:55,368 INFO: [scape..][epoch: 10, iter:  24,000, lr:(8.145e-04,8.145e-04,)][eta: 1:27:36, time (data): 2.058 (0.067)]rfmnet: 7.0218e-03 l_total: 7.0218e-03 
2025-08-20 05:33:55,369 INFO: Saving models and training states.
2025-08-20 05:33:55,394 INFO: Start validation.
2025-08-20 05:46:11,293 INFO: Avg time: 1.2472
2025-08-20 05:46:11,739 INFO: Val auc: 0.5502
2025-08-20 05:46:11,745 INFO: Val avg error: 0.1427
2025-08-20 05:48:11,895 INFO: [scape..][epoch: 10, iter:  24,100, lr:(8.145e-04,8.145e-04,)][eta: 1:24:01, time (data): 1.584 (0.057)]rfmnet: 6.5760e-03 l_total: 6.5760e-03 
2025-08-20 05:50:04,755 INFO: [scape..][epoch: 10, iter:  24,200, lr:(8.145e-04,8.145e-04,)][eta: 1:19:26, time (data): 1.133 (0.049)]rfmnet: 6.1333e-03 l_total: 6.1333e-03 
2025-08-20 05:51:40,817 INFO: [scape..][epoch: 10, iter:  24,300, lr:(8.145e-04,8.145e-04,)][eta: 1:14:51, time (data): 1.037 (0.048)]rfmnet: 5.8246e-03 l_total: 5.8246e-03 
2025-08-20 05:53:21,106 INFO: [scape..][epoch: 10, iter:  24,400, lr:(8.145e-04,8.145e-04,)][eta: 1:10:17, time (data): 1.015 (0.047)]rfmnet: 6.0616e-03 l_total: 6.0616e-03 
2025-08-20 05:55:25,907 INFO: [scape..][epoch: 10, iter:  24,500, lr:(8.145e-04,8.145e-04,)][eta: 1:05:46, time (data): 1.145 (0.048)]rfmnet: 1.3105e-02 l_total: 1.3105e-02 
2025-08-20 05:57:21,707 INFO: [scape..][epoch: 10, iter:  24,600, lr:(8.145e-04,8.145e-04,)][eta: 1:01:17, time (data): 1.119 (0.044)]rfmnet: 6.5081e-03 l_total: 6.5081e-03 
2025-08-20 05:58:51,666 INFO: [scape..][epoch: 10, iter:  24,700, lr:(8.145e-04,8.145e-04,)][eta: 0:56:47, time (data): 0.996 (0.044)]rfmnet: 5.9785e-03 l_total: 5.9785e-03 
2025-08-20 06:00:48,221 INFO: [scape..][epoch: 10, iter:  24,800, lr:(8.145e-04,8.145e-04,)][eta: 0:52:19, time (data): 1.175 (0.045)]rfmnet: 4.8562e-03 l_total: 4.8562e-03 
2025-08-20 06:02:57,241 INFO: [scape..][epoch: 10, iter:  24,900, lr:(8.145e-04,8.145e-04,)][eta: 0:47:54, time (data): 1.240 (0.049)]rfmnet: 4.6476e-03 l_total: 4.6476e-03 
2025-08-20 06:04:57,325 INFO: [scape..][epoch: 10, iter:  25,000, lr:(8.145e-04,8.145e-04,)][eta: 0:43:29, time (data): 1.138 (0.046)]rfmnet: 4.6771e-03 l_total: 4.6771e-03 
2025-08-20 06:06:40,928 INFO: [scape..][epoch: 10, iter:  25,100, lr:(8.145e-04,8.145e-04,)][eta: 0:39:05, time (data): 1.080 (0.045)]rfmnet: 4.6169e-03 l_total: 4.6169e-03 
2025-08-20 06:08:53,497 INFO: [scape..][epoch: 10, iter:  25,200, lr:(8.145e-04,8.145e-04,)][eta: 0:34:43, time (data): 1.300 (0.053)]rfmnet: 4.2428e-03 l_total: 4.2428e-03 
2025-08-20 06:11:06,450 INFO: [scape..][epoch: 10, iter:  25,300, lr:(8.145e-04,8.145e-04,)][eta: 0:30:22, time (data): 1.317 (0.052)]rfmnet: 4.1151e-03 l_total: 4.1151e-03 
2025-08-20 06:12:56,431 INFO: [scape..][epoch: 10, iter:  25,400, lr:(8.145e-04,8.145e-04,)][eta: 0:26:01, time (data): 1.041 (0.043)]rfmnet: 4.0152e-03 l_total: 4.0152e-03 
2025-08-20 06:14:27,582 INFO: [scape..][epoch: 10, iter:  25,500, lr:(8.145e-04,8.145e-04,)][eta: 0:21:41, time (data): 0.967 (0.044)]rfmnet: 4.1228e-03 l_total: 4.1228e-03 
2025-08-20 06:16:29,043 INFO: [scape..][epoch: 10, iter:  25,600, lr:(8.145e-04,8.145e-04,)][eta: 0:17:23, time (data): 1.196 (0.051)]rfmnet: 4.0264e-03 l_total: 4.0264e-03 
2025-08-20 06:18:12,133 INFO: [scape..][epoch: 10, iter:  25,700, lr:(8.145e-04,8.145e-04,)][eta: 0:13:06, time (data): 1.100 (0.052)]rfmnet: 3.5634e-03 l_total: 3.5634e-03 
2025-08-20 06:19:48,727 INFO: [scape..][epoch: 10, iter:  25,800, lr:(8.145e-04,8.145e-04,)][eta: 0:08:50, time (data): 0.960 (0.042)]rfmnet: 3.6702e-03 l_total: 3.6702e-03 
2025-08-20 06:21:18,133 INFO: [scape..][epoch: 10, iter:  25,900, lr:(8.145e-04,8.145e-04,)][eta: 0:04:36, time (data): 0.922 (0.043)]rfmnet: 3.7010e-03 l_total: 3.7010e-03 
2025-08-20 06:23:05,640 INFO: [scape..][epoch: 10, iter:  26,000, lr:(8.145e-04,8.145e-04,)][eta: 0:00:22, time (data): 1.202 (0.050)]rfmnet: 3.2672e-03 l_total: 3.2672e-03 
2025-08-20 06:23:05,641 INFO: Saving models and training states.
2025-08-20 06:23:05,663 INFO: Start validation.
2025-08-20 06:30:51,458 INFO: Avg time: 0.7048
2025-08-20 06:30:51,641 INFO: Val auc: 0.5181
2025-08-20 06:30:51,645 INFO: Val avg error: 0.1679
2025-08-20 06:30:59,635 INFO: End of training. Time consumed: 18:23:40
2025-08-20 06:30:59,636 INFO: Last Validation.
2025-08-20 06:37:33,535 INFO: Avg time: 0.3289
2025-08-20 06:37:33,754 INFO: Val auc: 0.5357
2025-08-20 06:37:33,759 INFO: Val avg error: 0.1470
2025-08-20 06:37:33,879 INFO: Save the best model.
